<html>
<body>
<pre>
<h1>µVision Build Log</h1>
<h2>Tool Versions:</h2>
IDE-Version: µVision V5.14.0.0
Copyright (C) 2015 ARM Ltd and ARM Germany GmbH. All rights reserved.
License Information: Assaf Microsoft, Microsoft, LIC=----
 
Tool Versions:
Toolchain:       MDK-Lite  Version: 5.14.0.0
Toolchain Path:  D:\Program Files\Keil_v5\ARM\ARMCC\Bin
C Compiler:      Armcc.exe V5.05 update 1 (build 106)
Assembler:       Armasm.exe V5.05 update 1 (build 106)
Linker/Locator:  ArmLink.exe V5.05 update 1 (build 106)
Library Manager: ArmAr.exe V5.05 update 1 (build 106)
Hex Converter:   FromElf.exe V5.05 update 1 (build 106)
CPU DLL:         SARMCM3.DLL V5.14.0.0
Dialog DLL:      DCM.DLL V1.13.1.0
Target DLL:      STLink\ST-LINKIII-KEIL_SWO.dll V2.0.14.0_KEIL
Dialog DLL:      TCM.DLL V1.14.4.0
 
<h2>Project:</h2>
D:\Users\Assaf\Desktop\GlassBreakageDetector\MDK-ARM\GlassBreakageDetector.uvprojx
Project File Date:  02/03/2017

<h2>Output:</h2>
Build target 'STM32L476G-Discovery'
compiling main.c...
..\Src\main.c(146): warning:  #177-D: variable "AudioFrequency" was declared but never referenced
        uint16_t AudioFrequency = 32000;
..\Src\main.c(30): warning:  #177-D: function "Playback_Init" was declared but never referenced
  static void Playback_Init(void);
..\Src\main.c: 2 warnings, 0 errors
linking...
STM32L476G-Discovery\STM32L476G-Discovery.axf: Warning: L6988W: Ignoring unknown patch sdcomp-29491-629360.
Program Size: Code=7732 RO-data=496 RW-data=24 ZI-data=1608  
Finished: 0 information, 1 warning and 0 error messages.
"STM32L476G-Discovery\STM32L476G-Discovery.axf" - 0 Error(s), 3 Warning(s).

<h2>Collection of Component include folders:</h2>
  D:\Users\Assaf\Desktop\GlassBreakageDetector\MDK-ARM\RTE
  D:\Program Files\Keil_v5\ARM\PACK\Keil\STM32L4xx_DFP\1.2.0

<h2>Collection of Component Files used:</h2>
</pre>
</body>
</html>
