Component: ARM Compiler 5.05 update 1 (build 106) Tool: armlink [4d0efa]

==============================================================================

Section Cross References

    stm32l4xx_it_1.o(i.DMA1_Channel4_IRQHandler) refers to stm32l4xx_hal_dma.o(i.HAL_DMA_IRQHandler) for HAL_DMA_IRQHandler
    stm32l4xx_it_1.o(i.DMA1_Channel4_IRQHandler) refers to main.o(.bss) for hdma_dfsdmReg_FLT
    stm32l4xx_it_1.o(i.SysTick_Handler) refers to stm32l4xx_hal.o(i.HAL_IncTick) for HAL_IncTick
    main.o(i.DFSDM_Init) refers to stm32l4xx_hal_rcc_ex.o(i.HAL_RCCEx_PeriphCLKConfig) for HAL_RCCEx_PeriphCLKConfig
    main.o(i.DFSDM_Init) refers to stm32l4xx_hal_dfsdm.o(i.HAL_DFSDM_ChannelGetState) for HAL_DFSDM_ChannelGetState
    main.o(i.DFSDM_Init) refers to main.o(i.aHAL_DFSDM_ChannelMspInit) for aHAL_DFSDM_ChannelMspInit
    main.o(i.DFSDM_Init) refers to stm32l4xx_hal_dfsdm.o(i.HAL_DFSDM_ChannelInit) for HAL_DFSDM_ChannelInit
    main.o(i.DFSDM_Init) refers to stm32l4xx_hal_dfsdm.o(i.HAL_DFSDM_FilterGetState) for HAL_DFSDM_FilterGetState
    main.o(i.DFSDM_Init) refers to main.o(i.aHAL_DFSDM_FilterMspInit) for aHAL_DFSDM_FilterMspInit
    main.o(i.DFSDM_Init) refers to stm32l4xx_hal_dfsdm.o(i.HAL_DFSDM_FilterInit) for HAL_DFSDM_FilterInit
    main.o(i.DFSDM_Init) refers to stm32l4xx_hal_dfsdm.o(i.HAL_DFSDM_FilterConfigRegChannel) for HAL_DFSDM_FilterConfigRegChannel
    main.o(i.DFSDM_Init) refers to main.o(i.Error_Handler) for Error_Handler
    main.o(i.DFSDM_Init) refers to main.o(.bss) for .bss
    main.o(i.Error_Handler) refers to main.o(i.aToggle_LED) for aToggle_LED
    main.o(i.Error_Handler) refers to stm32l4xx_hal.o(i.HAL_Delay) for HAL_Delay
    main.o(i.HAL_DFSDM_FilterRegConvCpltCallback) refers to main.o(.data) for .data
    main.o(i.HAL_DFSDM_FilterRegConvHalfCpltCallback) refers to main.o(.data) for .data
    main.o(i.LED_GPIO_Init) refers to stm32l4xx_hal_gpio.o(i.HAL_GPIO_Init) for HAL_GPIO_Init
    main.o(i.SystemClock_Config) refers to stm32l4xx_hal_rcc.o(i.HAL_RCC_OscConfig) for HAL_RCC_OscConfig
    main.o(i.SystemClock_Config) refers to stm32l4xx_hal_rcc_ex.o(i.HAL_RCCEx_DisableLSECSS) for HAL_RCCEx_DisableLSECSS
    main.o(i.SystemClock_Config) refers to stm32l4xx_hal_rcc_ex.o(i.HAL_RCCEx_EnableMSIPLLMode) for HAL_RCCEx_EnableMSIPLLMode
    main.o(i.SystemClock_Config) refers to stm32l4xx_hal_rcc_ex.o(i.HAL_RCCEx_PeriphCLKConfig) for HAL_RCCEx_PeriphCLKConfig
    main.o(i.SystemClock_Config) refers to stm32l4xx_hal_rcc.o(i.HAL_RCC_ClockConfig) for HAL_RCC_ClockConfig
    main.o(i.aHAL_DFSDM_ChannelMspInit) refers to stm32l4xx_hal_gpio.o(i.HAL_GPIO_Init) for HAL_GPIO_Init
    main.o(i.aHAL_DFSDM_FilterMspInit) refers to stm32l4xx_hal_dma.o(i.HAL_DMA_Init) for HAL_DMA_Init
    main.o(i.aHAL_DFSDM_FilterMspInit) refers to stm32l4xx_hal_cortex.o(i.HAL_NVIC_SetPriority) for HAL_NVIC_SetPriority
    main.o(i.aHAL_DFSDM_FilterMspInit) refers to stm32l4xx_hal_cortex.o(i.HAL_NVIC_EnableIRQ) for HAL_NVIC_EnableIRQ
    main.o(i.aHAL_DFSDM_FilterMspInit) refers to main.o(.bss) for .bss
    main.o(i.aToggle_LED) refers to stm32l4xx_hal_gpio.o(i.HAL_GPIO_TogglePin) for HAL_GPIO_TogglePin
    main.o(i.main) refers to stm32l4xx_hal.o(i.HAL_Init) for HAL_Init
    main.o(i.main) refers to main.o(i.SystemClock_Config) for SystemClock_Config
    main.o(i.main) refers to main.o(i.LED_GPIO_Init) for LED_GPIO_Init
    main.o(i.main) refers to main.o(i.DFSDM_Init) for DFSDM_Init
    main.o(i.main) refers to stm32l4xx_hal_dfsdm.o(i.HAL_DFSDM_FilterRegularStart_DMA) for HAL_DFSDM_FilterRegularStart_DMA
    main.o(i.main) refers to main.o(i.Error_Handler) for Error_Handler
    main.o(i.main) refers to main.o(i.aToggle_LED) for aToggle_LED
    main.o(i.main) refers to main.o(.bss) for .bss
    main.o(i.main) refers to main.o(.data) for .data
    startup_stm32l476xx.o(RESET) refers to startup_stm32l476xx.o(STACK) for __initial_sp
    startup_stm32l476xx.o(RESET) refers to startup_stm32l476xx.o(.text) for Reset_Handler
    startup_stm32l476xx.o(RESET) refers to stm32l4xx_it_1.o(i.NMI_Handler) for NMI_Handler
    startup_stm32l476xx.o(RESET) refers to stm32l4xx_it_1.o(i.HardFault_Handler) for HardFault_Handler
    startup_stm32l476xx.o(RESET) refers to stm32l4xx_it_1.o(i.MemManage_Handler) for MemManage_Handler
    startup_stm32l476xx.o(RESET) refers to stm32l4xx_it_1.o(i.BusFault_Handler) for BusFault_Handler
    startup_stm32l476xx.o(RESET) refers to stm32l4xx_it_1.o(i.UsageFault_Handler) for UsageFault_Handler
    startup_stm32l476xx.o(RESET) refers to stm32l4xx_it_1.o(i.SVC_Handler) for SVC_Handler
    startup_stm32l476xx.o(RESET) refers to stm32l4xx_it_1.o(i.DebugMon_Handler) for DebugMon_Handler
    startup_stm32l476xx.o(RESET) refers to stm32l4xx_it_1.o(i.PendSV_Handler) for PendSV_Handler
    startup_stm32l476xx.o(RESET) refers to stm32l4xx_it_1.o(i.SysTick_Handler) for SysTick_Handler
    startup_stm32l476xx.o(RESET) refers to stm32l4xx_it_1.o(i.DMA1_Channel4_IRQHandler) for DMA1_Channel4_IRQHandler
[...]
    Removing stm32l4xx_hal_tim.o(i.HAL_TIM_IC_Start_DMA), (200 bytes).
    Removing stm32l4xx_hal_tim.o(i.HAL_TIM_IC_Start_IT), (76 bytes).
    Removing stm32l4xx_hal_tim.o(i.HAL_TIM_IC_Stop), (44 bytes).
    Removing stm32l4xx_hal_tim.o(i.HAL_TIM_IC_Stop_DMA), (100 bytes).
    Removing stm32l4xx_hal_tim.o(i.HAL_TIM_IC_Stop_IT), (94 bytes).
    Removing stm32l4xx_hal_tim.o(i.HAL_TIM_OC_ConfigChannel), (114 bytes).
    Removing stm32l4xx_hal_tim.o(i.HAL_TIM_OC_DeInit), (56 bytes).
    Removing stm32l4xx_hal_tim.o(i.HAL_TIM_OC_GetState), (6 bytes).
    Removing stm32l4xx_hal_tim.o(i.HAL_TIM_OC_Init), (54 bytes).
    Removing stm32l4xx_hal_tim.o(i.HAL_TIM_OC_MspDeInit), (2 bytes).
    Removing stm32l4xx_hal_tim.o(i.HAL_TIM_OC_MspInit), (2 bytes).
    Removing stm32l4xx_hal_tim.o(i.HAL_TIM_OC_Start), (88 bytes).
    Removing stm32l4xx_hal_tim.o(i.HAL_TIM_OC_Start_DMA), (268 bytes).
    Removing stm32l4xx_hal_tim.o(i.HAL_TIM_OC_Start_IT), (136 bytes).
    Removing stm32l4xx_hal_tim.o(i.HAL_TIM_OC_Stop), (116 bytes).
    Removing stm32l4xx_hal_tim.o(i.HAL_TIM_OC_Stop_DMA), (172 bytes).
    Removing stm32l4xx_hal_tim.o(i.HAL_TIM_OC_Stop_IT), (168 bytes).
    Removing stm32l4xx_hal_tim.o(i.HAL_TIM_OnePulse_ConfigChannel), (224 bytes).
    Removing stm32l4xx_hal_tim.o(i.HAL_TIM_OnePulse_DeInit), (56 bytes).
    Removing stm32l4xx_hal_tim.o(i.HAL_TIM_OnePulse_GetState), (6 bytes).
    Removing stm32l4xx_hal_tim.o(i.HAL_TIM_OnePulse_Init), (74 bytes).
    Removing stm32l4xx_hal_tim.o(i.HAL_TIM_OnePulse_MspDeInit), (2 bytes).
    Removing stm32l4xx_hal_tim.o(i.HAL_TIM_OnePulse_MspInit), (2 bytes).
    Removing stm32l4xx_hal_tim.o(i.HAL_TIM_OnePulse_Start), (88 bytes).
    Removing stm32l4xx_hal_tim.o(i.HAL_TIM_OnePulse_Start_IT), (108 bytes).
    Removing stm32l4xx_hal_tim.o(i.HAL_TIM_OnePulse_Stop), (128 bytes).
    Removing stm32l4xx_hal_tim.o(i.HAL_TIM_OnePulse_Stop_IT), (148 bytes).
    Removing stm32l4xx_hal_tim.o(i.HAL_TIM_PWM_ConfigChannel), (296 bytes).
    Removing stm32l4xx_hal_tim.o(i.HAL_TIM_PWM_DeInit), (56 bytes).
    Removing stm32l4xx_hal_tim.o(i.HAL_TIM_PWM_GetState), (6 bytes).
    Removing stm32l4xx_hal_tim.o(i.HAL_TIM_PWM_Init), (54 bytes).
    Removing stm32l4xx_hal_tim.o(i.HAL_TIM_PWM_MspDeInit), (2 bytes).
    Removing stm32l4xx_hal_tim.o(i.HAL_TIM_PWM_MspInit), (2 bytes).
    Removing stm32l4xx_hal_tim.o(i.HAL_TIM_PWM_Start), (88 bytes).
    Removing stm32l4xx_hal_tim.o(i.HAL_TIM_PWM_Start_DMA), (268 bytes).
    Removing stm32l4xx_hal_tim.o(i.HAL_TIM_PWM_Start_IT), (136 bytes).
    Removing stm32l4xx_hal_tim.o(i.HAL_TIM_PWM_Stop), (124 bytes).
    Removing stm32l4xx_hal_tim.o(i.HAL_TIM_PWM_Stop_DMA), (172 bytes).
    Removing stm32l4xx_hal_tim.o(i.HAL_TIM_PWM_Stop_IT), (168 bytes).
    Removing stm32l4xx_hal_tim.o(i.HAL_TIM_PeriodElapsedCallback), (2 bytes).
    Removing stm32l4xx_hal_tim.o(i.HAL_TIM_ReadCapturedValue), (68 bytes).
    Removing stm32l4xx_hal_tim.o(i.HAL_TIM_SlaveConfigSynchronization), (66 bytes).
    Removing stm32l4xx_hal_tim.o(i.HAL_TIM_SlaveConfigSynchronization_IT), (66 bytes).
    Removing stm32l4xx_hal_tim.o(i.TIM_CCxChannelCmd), (22 bytes).
    Removing stm32l4xx_hal_tim.o(i.TIM_DMACaptureCplt), (62 bytes).
    Removing stm32l4xx_hal_tim.o(i.TIM_DMADelayPulseCplt), (62 bytes).
    Removing stm32l4xx_hal_tim.o(i.TIM_DMAError), (16 bytes).
    Removing stm32l4xx_hal_tim.o(i.TIM_DMAPeriodElapsedCplt), (16 bytes).
    Removing stm32l4xx_hal_tim.o(i.TIM_DMATriggerCplt), (16 bytes).
    Removing stm32l4xx_hal_tim.o(i.TIM_ETR_SetConfig), (20 bytes).
    Removing stm32l4xx_hal_tim.o(i.TIM_ITRx_SetConfig), (16 bytes).
    Removing stm32l4xx_hal_tim.o(i.TIM_OC1_SetConfig), (156 bytes).
    Removing stm32l4xx_hal_tim.o(i.TIM_OC2_SetConfig), (144 bytes).
    Removing stm32l4xx_hal_tim.o(i.TIM_OC3_SetConfig), (144 bytes).
    Removing stm32l4xx_hal_tim.o(i.TIM_OC4_SetConfig), (116 bytes).
    Removing stm32l4xx_hal_tim.o(i.TIM_OC5_SetConfig), (112 bytes).
    Removing stm32l4xx_hal_tim.o(i.TIM_OC6_SetConfig), (112 bytes).
    Removing stm32l4xx_hal_tim.o(i.TIM_SlaveTimer_SetConfig), (128 bytes).
    Removing stm32l4xx_hal_tim.o(i.TIM_TI1_ConfigInputStage), (34 bytes).
    Removing stm32l4xx_hal_tim.o(i.TIM_TI1_SetConfig), (120 bytes).
    Removing stm32l4xx_hal_tim.o(i.TIM_TI2_ConfigInputStage), (36 bytes).
    Removing stm32l4xx_hal_tim.o(i.TIM_TI2_SetConfig), (54 bytes).
    Removing stm32l4xx_hal_tim_ex.o(.rev16_text), (4 bytes).
    Removing stm32l4xx_hal_tim_ex.o(.revsh_text), (4 bytes).
    Removing stm32l4xx_hal_tim_ex.o(.rrx_text), (6 bytes).
    Removing stm32l4xx_hal_tim_ex.o(i.HAL_TIMEx_ConfigBreakDeadTime), (136 bytes).
    Removing stm32l4xx_hal_tim_ex.o(i.HAL_TIMEx_ConfigBreakInput), (184 bytes).
    Removing stm32l4xx_hal_tim_ex.o(i.HAL_TIMEx_ConfigCommutationEvent), (92 bytes).
    Removing stm32l4xx_hal_tim_ex.o(i.HAL_TIMEx_ConfigCommutationEvent_DMA), (124 bytes).
    Removing stm32l4xx_hal_tim_ex.o(i.HAL_TIMEx_ConfigCommutationEvent_IT), (102 bytes).
    Removing stm32l4xx_hal_tim_ex.o(i.HAL_TIMEx_GroupChannel5), (56 bytes).
    Removing stm32l4xx_hal_tim_ex.o(i.HAL_TIMEx_HallSensor_DeInit), (56 bytes).
    Removing stm32l4xx_hal_tim_ex.o(i.HAL_TIMEx_HallSensor_GetState), (6 bytes).
    Removing stm32l4xx_hal_tim_ex.o(i.HAL_TIMEx_HallSensor_Init), (192 bytes).
    Removing stm32l4xx_hal_tim_ex.o(i.HAL_TIMEx_HallSensor_MspDeInit), (2 bytes).
    Removing stm32l4xx_hal_tim_ex.o(i.HAL_TIMEx_HallSensor_MspInit), (2 bytes).
    Removing stm32l4xx_hal_tim_ex.o(i.HAL_TIMEx_HallSensor_Start), (28 bytes).
    Removing stm32l4xx_hal_tim_ex.o(i.HAL_TIMEx_HallSensor_Start_DMA), (104 bytes).
    Removing stm32l4xx_hal_tim_ex.o(i.HAL_TIMEx_HallSensor_Start_IT), (38 bytes).
    Removing stm32l4xx_hal_tim_ex.o(i.HAL_TIMEx_HallSensor_Stop), (46 bytes).
    Removing stm32l4xx_hal_tim_ex.o(i.HAL_TIMEx_HallSensor_Stop_DMA), (56 bytes).
    Removing stm32l4xx_hal_tim_ex.o(i.HAL_TIMEx_HallSensor_Stop_IT), (56 bytes).
    Removing stm32l4xx_hal_tim_ex.o(i.HAL_TIMEx_MasterConfigSynchronization), (88 bytes).
    Removing stm32l4xx_hal_tim_ex.o(i.HAL_TIMEx_OCN_Start), (36 bytes).
    Removing stm32l4xx_hal_tim_ex.o(i.HAL_TIMEx_OCN_Start_DMA), (220 bytes).
    Removing stm32l4xx_hal_tim_ex.o(i.HAL_TIMEx_OCN_Start_IT), (96 bytes).
    Removing stm32l4xx_hal_tim_ex.o(i.HAL_TIMEx_OCN_Stop), (68 bytes).
    Removing stm32l4xx_hal_tim_ex.o(i.HAL_TIMEx_OCN_Stop_DMA), (124 bytes).
    Removing stm32l4xx_hal_tim_ex.o(i.HAL_TIMEx_OCN_Stop_IT), (134 bytes).
    Removing stm32l4xx_hal_tim_ex.o(i.HAL_TIMEx_OnePulseN_Start), (26 bytes).
    Removing stm32l4xx_hal_tim_ex.o(i.HAL_TIMEx_OnePulseN_Start_IT), (46 bytes).
    Removing stm32l4xx_hal_tim_ex.o(i.HAL_TIMEx_OnePulseN_Stop), (68 bytes).
    Removing stm32l4xx_hal_tim_ex.o(i.HAL_TIMEx_OnePulseN_Stop_IT), (88 bytes).
    Removing stm32l4xx_hal_tim_ex.o(i.HAL_TIMEx_PWMN_Start), (36 bytes).
    Removing stm32l4xx_hal_tim_ex.o(i.HAL_TIMEx_PWMN_Start_DMA), (220 bytes).
    Removing stm32l4xx_hal_tim_ex.o(i.HAL_TIMEx_PWMN_Start_IT), (96 bytes).
    Removing stm32l4xx_hal_tim_ex.o(i.HAL_TIMEx_PWMN_Stop), (68 bytes).
    Removing stm32l4xx_hal_tim_ex.o(i.HAL_TIMEx_PWMN_Stop_DMA), (124 bytes).
    Removing stm32l4xx_hal_tim_ex.o(i.HAL_TIMEx_PWMN_Stop_IT), (134 bytes).
    Removing stm32l4xx_hal_tim_ex.o(i.HAL_TIMEx_RemapConfig), (100 bytes).
    Removing stm32l4xx_hal_tim_ex.o(i.TIMEx_DMACommutationCplt), (16 bytes).
    Removing stm32l4xx_hal_tim_ex.o(i.TIM_CCxNChannelCmd), (22 bytes).
    Removing stm32l4xx_hal_timebase_tim_template.o(.rev16_text), (4 bytes).
    Removing stm32l4xx_hal_timebase_tim_template.o(.revsh_text), (4 bytes).
    Removing stm32l4xx_hal_timebase_tim_template.o(.rrx_text), (6 bytes).
    Removing stm32l4xx_hal_timebase_tim_template.o(i.HAL_ResumeTick), (20 bytes).
    Removing stm32l4xx_hal_timebase_tim_template.o(i.HAL_SuspendTick), (20 bytes).
    Removing stm32l4xx_hal_tsc.o(.rev16_text), (4 bytes).
    Removing stm32l4xx_hal_tsc.o(.revsh_text), (4 bytes).
    Removing stm32l4xx_hal_tsc.o(.rrx_text), (6 bytes).
    Removing stm32l4xx_hal_tsc.o(i.HAL_TSC_ConvCpltCallback), (2 bytes).
    Removing stm32l4xx_hal_tsc.o(i.HAL_TSC_DeInit), (32 bytes).
    Removing stm32l4xx_hal_tsc.o(i.HAL_TSC_ErrorCallback), (2 bytes).
    Removing stm32l4xx_hal_tsc.o(i.HAL_TSC_GetState), (42 bytes).
    Removing stm32l4xx_hal_tsc.o(i.HAL_TSC_GroupGetStatus), (22 bytes).
    Removing stm32l4xx_hal_tsc.o(i.HAL_TSC_GroupGetValue), (12 bytes).
    Removing stm32l4xx_hal_tsc.o(i.HAL_TSC_IOConfig), (82 bytes).
    Removing stm32l4xx_hal_tsc.o(i.HAL_TSC_IODischarge), (48 bytes).
    Removing stm32l4xx_hal_tsc.o(i.HAL_TSC_IRQHandler), (54 bytes).
    Removing stm32l4xx_hal_tsc.o(i.HAL_TSC_Init), (164 bytes).
    Removing stm32l4xx_hal_tsc.o(i.HAL_TSC_MspDeInit), (2 bytes).
    Removing stm32l4xx_hal_tsc.o(i.HAL_TSC_MspInit), (2 bytes).
    Removing stm32l4xx_hal_tsc.o(i.HAL_TSC_PollForAcquisition), (40 bytes).
    Removing stm32l4xx_hal_tsc.o(i.HAL_TSC_Start), (82 bytes).
    Removing stm32l4xx_hal_tsc.o(i.HAL_TSC_Start_IT), (104 bytes).
    Removing stm32l4xx_hal_tsc.o(i.HAL_TSC_Stop), (58 bytes).
    Removing stm32l4xx_hal_tsc.o(i.HAL_TSC_Stop_IT), (68 bytes).
    Removing stm32l4xx_hal_tsc.o(i.TSC_extract_groups), (36 bytes).
    Removing stm32l4xx_hal_uart.o(.rev16_text), (4 bytes).
    Removing stm32l4xx_hal_uart.o(.revsh_text), (4 bytes).
    Removing stm32l4xx_hal_uart.o(.rrx_text), (6 bytes).
    Removing stm32l4xx_hal_uart.o(i.HAL_HalfDuplex_EnableReceiver), (58 bytes).
    Removing stm32l4xx_hal_uart.o(i.HAL_HalfDuplex_EnableTransmitter), (58 bytes).
    Removing stm32l4xx_hal_uart.o(i.HAL_HalfDuplex_Init), (116 bytes).
    Removing stm32l4xx_hal_uart.o(i.HAL_LIN_Init), (140 bytes).
    Removing stm32l4xx_hal_uart.o(i.HAL_LIN_SendBreak), (46 bytes).
    Removing stm32l4xx_hal_uart.o(i.HAL_MultiProcessor_DisableMuteMode), (44 bytes).
    Removing stm32l4xx_hal_uart.o(i.HAL_MultiProcessor_EnableMuteMode), (44 bytes).
    Removing stm32l4xx_hal_uart.o(i.HAL_MultiProcessor_EnterMuteMode), (12 bytes).
    Removing stm32l4xx_hal_uart.o(i.HAL_MultiProcessor_Init), (138 bytes).
    Removing stm32l4xx_hal_uart.o(i.HAL_UART_Abort), (112 bytes).
    Removing stm32l4xx_hal_uart.o(i.HAL_UART_AbortCpltCallback), (2 bytes).
    Removing stm32l4xx_hal_uart.o(i.HAL_UART_AbortReceive), (76 bytes).
    Removing stm32l4xx_hal_uart.o(i.HAL_UART_AbortReceiveCpltCallback), (2 bytes).
    Removing stm32l4xx_hal_uart.o(i.HAL_UART_AbortReceive_IT), (108 bytes).
    Removing stm32l4xx_hal_uart.o(i.HAL_UART_AbortTransmit), (58 bytes).
    Removing stm32l4xx_hal_uart.o(i.HAL_UART_AbortTransmitCpltCallback), (2 bytes).
    Removing stm32l4xx_hal_uart.o(i.HAL_UART_AbortTransmit_IT), (84 bytes).
    Removing stm32l4xx_hal_uart.o(i.HAL_UART_Abort_IT), (180 bytes).
    Removing stm32l4xx_hal_uart.o(i.HAL_UART_DMAPause), (98 bytes).
    Removing stm32l4xx_hal_uart.o(i.HAL_UART_DMAResume), (92 bytes).
    Removing stm32l4xx_hal_uart.o(i.HAL_UART_DMAStop), (84 bytes).
    Removing stm32l4xx_hal_uart.o(i.HAL_UART_DeInit), (64 bytes).
    Removing stm32l4xx_hal_uart.o(i.HAL_UART_ErrorCallback), (2 bytes).
    Removing stm32l4xx_hal_uart.o(i.HAL_UART_GetError), (4 bytes).
    Removing stm32l4xx_hal_uart.o(i.HAL_UART_GetState), (10 bytes).
    Removing stm32l4xx_hal_uart.o(i.HAL_UART_IRQHandler), (412 bytes).
    Removing stm32l4xx_hal_uart.o(i.HAL_UART_Init), (106 bytes).
    Removing stm32l4xx_hal_uart.o(i.HAL_UART_MspDeInit), (2 bytes).
    Removing stm32l4xx_hal_uart.o(i.HAL_UART_MspInit), (2 bytes).
    Removing stm32l4xx_hal_uart.o(i.HAL_UART_Receive), (230 bytes).
    Removing stm32l4xx_hal_uart.o(i.HAL_UART_Receive_DMA), (144 bytes).
    Removing stm32l4xx_hal_uart.o(i.HAL_UART_Receive_IT), (140 bytes).
    Removing stm32l4xx_hal_uart.o(i.HAL_UART_RxCpltCallback), (2 bytes).
    Removing stm32l4xx_hal_uart.o(i.HAL_UART_RxHalfCpltCallback), (2 bytes).
    Removing stm32l4xx_hal_uart.o(i.HAL_UART_Transmit), (180 bytes).
    Removing stm32l4xx_hal_uart.o(i.HAL_UART_Transmit_DMA), (136 bytes).
    Removing stm32l4xx_hal_uart.o(i.HAL_UART_Transmit_IT), (62 bytes).
    Removing stm32l4xx_hal_uart.o(i.HAL_UART_TxCpltCallback), (2 bytes).
    Removing stm32l4xx_hal_uart.o(i.HAL_UART_TxHalfCpltCallback), (2 bytes).
    Removing stm32l4xx_hal_uart.o(i.UART_AdvFeatureConfig), (200 bytes).
    Removing stm32l4xx_hal_uart.o(i.UART_CheckIdleState), (92 bytes).
    Removing stm32l4xx_hal_uart.o(i.UART_DMAAbortOnError), (20 bytes).
    Removing stm32l4xx_hal_uart.o(i.UART_DMAError), (74 bytes).
    Removing stm32l4xx_hal_uart.o(i.UART_DMAReceiveCplt), (62 bytes).
    Removing stm32l4xx_hal_uart.o(i.UART_DMARxAbortCallback), (52 bytes).
    Removing stm32l4xx_hal_uart.o(i.UART_DMARxHalfCplt), (10 bytes).
    Removing stm32l4xx_hal_uart.o(i.UART_DMARxOnlyAbortCallback), (28 bytes).
    Removing stm32l4xx_hal_uart.o(i.UART_DMATransmitCplt), (48 bytes).
    Removing stm32l4xx_hal_uart.o(i.UART_DMATxAbortCallback), (52 bytes).
    Removing stm32l4xx_hal_uart.o(i.UART_DMATxHalfCplt), (10 bytes).
    Removing stm32l4xx_hal_uart.o(i.UART_DMATxOnlyAbortCallback), (22 bytes).
    Removing stm32l4xx_hal_uart.o(i.UART_EndRxTransfer), (28 bytes).
    Removing stm32l4xx_hal_uart.o(i.UART_EndTxTransfer), (18 bytes).
    Removing stm32l4xx_hal_uart.o(i.UART_Receive_IT), (118 bytes).
    Removing stm32l4xx_hal_uart.o(i.UART_SetConfig), (664 bytes).
    Removing stm32l4xx_hal_uart.o(i.UART_WaitOnFlagUntilTimeout), (100 bytes).
    Removing stm32l4xx_hal_uart_ex.o(.rev16_text), (4 bytes).
    Removing stm32l4xx_hal_uart_ex.o(.revsh_text), (4 bytes).
    Removing stm32l4xx_hal_uart_ex.o(.rrx_text), (6 bytes).
    Removing stm32l4xx_hal_uart_ex.o(i.HAL_MultiProcessorEx_AddressLength_Set), (48 bytes).
    Removing stm32l4xx_hal_uart_ex.o(i.HAL_RS485Ex_Init), (140 bytes).
    Removing stm32l4xx_hal_uart_ex.o(i.HAL_UARTEx_DisableStopMode), (46 bytes).
    Removing stm32l4xx_hal_uart_ex.o(i.HAL_UARTEx_EnableStopMode), (46 bytes).
    Removing stm32l4xx_hal_uart_ex.o(i.HAL_UARTEx_StopModeWakeUpSourceConfig), (138 bytes).
    Removing stm32l4xx_hal_uart_ex.o(i.HAL_UARTEx_WakeupCallback), (2 bytes).
    Removing stm32l4xx_hal_usart.o(.rev16_text), (4 bytes).
    Removing stm32l4xx_hal_usart.o(.revsh_text), (4 bytes).
    Removing stm32l4xx_hal_usart.o(.rrx_text), (6 bytes).
    Removing stm32l4xx_hal_usart.o(i.HAL_USART_Abort), (106 bytes).
    Removing stm32l4xx_hal_usart.o(i.HAL_USART_AbortCpltCallback), (2 bytes).
    Removing stm32l4xx_hal_usart.o(i.HAL_USART_Abort_IT), (172 bytes).
    Removing stm32l4xx_hal_usart.o(i.HAL_USART_DMAPause), (122 bytes).
    Removing stm32l4xx_hal_usart.o(i.HAL_USART_DMAResume), (102 bytes).
    Removing stm32l4xx_hal_usart.o(i.HAL_USART_DMAStop), (56 bytes).
    Removing stm32l4xx_hal_usart.o(i.HAL_USART_DeInit), (50 bytes).
    Removing stm32l4xx_hal_usart.o(i.HAL_USART_ErrorCallback), (2 bytes).
    Removing stm32l4xx_hal_usart.o(i.HAL_USART_GetError), (4 bytes).
    Removing stm32l4xx_hal_usart.o(i.HAL_USART_GetState), (6 bytes).
    Removing stm32l4xx_hal_usart.o(i.HAL_USART_IRQHandler), (444 bytes).
    Removing stm32l4xx_hal_usart.o(i.HAL_USART_Init), (178 bytes).
    Removing stm32l4xx_hal_usart.o(i.HAL_USART_MspDeInit), (2 bytes).
    Removing stm32l4xx_hal_usart.o(i.HAL_USART_MspInit), (2 bytes).
    Removing stm32l4xx_hal_usart.o(i.HAL_USART_Receive), (236 bytes).
    Removing stm32l4xx_hal_usart.o(i.HAL_USART_Receive_DMA), (188 bytes).
    Removing stm32l4xx_hal_usart.o(i.HAL_USART_Receive_IT), (150 bytes).
    Removing stm32l4xx_hal_usart.o(i.HAL_USART_RxCpltCallback), (2 bytes).
    Removing stm32l4xx_hal_usart.o(i.HAL_USART_RxHalfCpltCallback), (2 bytes).
    Removing stm32l4xx_hal_usart.o(i.HAL_USART_Transmit), (168 bytes).
    Removing stm32l4xx_hal_usart.o(i.HAL_USART_TransmitReceive), (272 bytes).
    Removing stm32l4xx_hal_usart.o(i.HAL_USART_TransmitReceive_DMA), (208 bytes).
    Removing stm32l4xx_hal_usart.o(i.HAL_USART_TransmitReceive_IT), (150 bytes).
    Removing stm32l4xx_hal_usart.o(i.HAL_USART_Transmit_DMA), (124 bytes).
    Removing stm32l4xx_hal_usart.o(i.HAL_USART_Transmit_IT), (62 bytes).
    Removing stm32l4xx_hal_usart.o(i.HAL_USART_TxCpltCallback), (2 bytes).
    Removing stm32l4xx_hal_usart.o(i.HAL_USART_TxHalfCpltCallback), (2 bytes).
    Removing stm32l4xx_hal_usart.o(i.HAL_USART_TxRxCpltCallback), (2 bytes).
    Removing stm32l4xx_hal_usart.o(i.USART_DMAAbortOnError), (16 bytes).
    Removing stm32l4xx_hal_usart.o(i.USART_DMAError), (38 bytes).
    Removing stm32l4xx_hal_usart.o(i.USART_DMAReceiveCplt), (106 bytes).
    Removing stm32l4xx_hal_usart.o(i.USART_DMARxAbortCallback), (44 bytes).
    Removing stm32l4xx_hal_usart.o(i.USART_DMARxHalfCplt), (10 bytes).
    Removing stm32l4xx_hal_usart.o(i.USART_DMATransmitCplt), (62 bytes).
    Removing stm32l4xx_hal_usart.o(i.USART_DMATxAbortCallback), (44 bytes).
    Removing stm32l4xx_hal_usart.o(i.USART_DMATxHalfCplt), (10 bytes).
    Removing stm32l4xx_hal_usart.o(i.USART_EndTransfer), (28 bytes).
    Removing stm32l4xx_hal_usart.o(i.USART_Receive_IT), (114 bytes).
    Removing stm32l4xx_hal_usart.o(i.USART_SetConfig), (248 bytes).
    Removing stm32l4xx_hal_usart.o(i.USART_TransmitReceive_IT), (192 bytes).
    Removing stm32l4xx_hal_usart.o(i.USART_WaitOnFlagUntilTimeout), (96 bytes).
    Removing stm32l4xx_hal_wwdg.o(.rev16_text), (4 bytes).
    Removing stm32l4xx_hal_wwdg.o(.revsh_text), (4 bytes).
    Removing stm32l4xx_hal_wwdg.o(.rrx_text), (6 bytes).
    Removing stm32l4xx_hal_wwdg.o(i.HAL_WWDG_EarlyWakeupCallback), (2 bytes).
    Removing stm32l4xx_hal_wwdg.o(i.HAL_WWDG_IRQHandler), (30 bytes).
    Removing stm32l4xx_hal_wwdg.o(i.HAL_WWDG_Init), (42 bytes).
    Removing stm32l4xx_hal_wwdg.o(i.HAL_WWDG_MspInit), (2 bytes).
    Removing stm32l4xx_hal_wwdg.o(i.HAL_WWDG_Refresh), (10 bytes).
    Removing stm32l4xx_ll_fmc.o(.rev16_text), (4 bytes).
    Removing stm32l4xx_ll_fmc.o(.revsh_text), (4 bytes).
    Removing stm32l4xx_ll_fmc.o(.rrx_text), (6 bytes).
    Removing stm32l4xx_ll_fmc.o(i.FMC_NAND_AttributeSpace_Timing_Init), (66 bytes).
    Removing stm32l4xx_ll_fmc.o(i.FMC_NAND_CommonSpace_Timing_Init), (66 bytes).
    Removing stm32l4xx_ll_fmc.o(i.FMC_NAND_DeInit), (28 bytes).
    Removing stm32l4xx_ll_fmc.o(i.FMC_NAND_ECC_Disable), (12 bytes).
    Removing stm32l4xx_ll_fmc.o(i.FMC_NAND_ECC_Enable), (12 bytes).
    Removing stm32l4xx_ll_fmc.o(i.FMC_NAND_GetECC), (56 bytes).
    Removing stm32l4xx_ll_fmc.o(i.FMC_NAND_Init), (76 bytes).
    Removing stm32l4xx_ll_fmc.o(i.FMC_NORSRAM_DeInit), (50 bytes).
    Removing stm32l4xx_ll_fmc.o(i.FMC_NORSRAM_Extended_Timing_Init), (100 bytes).
    Removing stm32l4xx_ll_fmc.o(i.FMC_NORSRAM_Init), (132 bytes).
    Removing stm32l4xx_ll_fmc.o(i.FMC_NORSRAM_Timing_Init), (164 bytes).
    Removing stm32l4xx_ll_fmc.o(i.FMC_NORSRAM_WriteOperation_Disable), (16 bytes).
    Removing stm32l4xx_ll_fmc.o(i.FMC_NORSRAM_WriteOperation_Enable), (16 bytes).
    Removing stm32l4xx_ll_sdmmc.o(.rev16_text), (4 bytes).
    Removing stm32l4xx_ll_sdmmc.o(.revsh_text), (4 bytes).
    Removing stm32l4xx_ll_sdmmc.o(.rrx_text), (6 bytes).
    Removing stm32l4xx_ll_sdmmc.o(i.SDMMC_DataConfig), (36 bytes).
    Removing stm32l4xx_ll_sdmmc.o(i.SDMMC_GetCommandResponse), (6 bytes).
    Removing stm32l4xx_ll_sdmmc.o(i.SDMMC_GetDataCounter), (4 bytes).
    Removing stm32l4xx_ll_sdmmc.o(i.SDMMC_GetFIFOCount), (6 bytes).
    Removing stm32l4xx_ll_sdmmc.o(i.SDMMC_GetPowerState), (8 bytes).
    Removing stm32l4xx_ll_sdmmc.o(i.SDMMC_GetResponse), (12 bytes).
    Removing stm32l4xx_ll_sdmmc.o(i.SDMMC_Init), (36 bytes).
    Removing stm32l4xx_ll_sdmmc.o(i.SDMMC_PowerState_OFF), (8 bytes).
    Removing stm32l4xx_ll_sdmmc.o(i.SDMMC_PowerState_ON), (8 bytes).
    Removing stm32l4xx_ll_sdmmc.o(i.SDMMC_ReadFIFO), (6 bytes).
    Removing stm32l4xx_ll_sdmmc.o(i.SDMMC_SendCommand), (32 bytes).
    Removing stm32l4xx_ll_sdmmc.o(i.SDMMC_SetSDMMCReadWaitMode), (14 bytes).
    Removing stm32l4xx_ll_sdmmc.o(i.SDMMC_WriteFIFO), (10 bytes).
    Removing stm32l4xx_ll_usb.o(.rev16_text), (4 bytes).
    Removing stm32l4xx_ll_usb.o(.revsh_text), (4 bytes).
    Removing stm32l4xx_ll_usb.o(.rrx_text), (6 bytes).
    Removing stm32l4xx_ll_usb.o(i.USB_ActivateDedicatedEndpoint), (216 bytes).
    Removing stm32l4xx_ll_usb.o(i.USB_ActivateEndpoint), (128 bytes).
    Removing stm32l4xx_ll_usb.o(i.USB_ActivateRemoteWakeup), (34 bytes).
    Removing stm32l4xx_ll_usb.o(i.USB_ActivateSetup), (52 bytes).
    Removing stm32l4xx_ll_usb.o(i.USB_ClearInterrupts), (8 bytes).
    Removing stm32l4xx_ll_usb.o(i.USB_CoreInit), (28 bytes).
    Removing stm32l4xx_ll_usb.o(i.USB_CoreReset), (76 bytes).
    Removing stm32l4xx_ll_usb.o(i.USB_DeActivateRemoteWakeup), (22 bytes).
    Removing stm32l4xx_ll_usb.o(i.USB_DeactivateDedicatedEndpoint), (78 bytes).
    Removing stm32l4xx_ll_usb.o(i.USB_DeactivateEndpoint), (110 bytes).
    Removing stm32l4xx_ll_usb.o(i.USB_DevConnect), (24 bytes).
    Removing stm32l4xx_ll_usb.o(i.USB_DevDisconnect), (24 bytes).
    Removing stm32l4xx_ll_usb.o(i.USB_DevInit), (324 bytes).
    Removing stm32l4xx_ll_usb.o(i.USB_DisableGlobalInt), (12 bytes).
    Removing stm32l4xx_ll_usb.o(i.USB_DoPing), (64 bytes).
    Removing stm32l4xx_ll_usb.o(i.USB_DriveVbus), (44 bytes).
    Removing stm32l4xx_ll_usb.o(i.USB_EP0StartXfer), (284 bytes).
    Removing stm32l4xx_ll_usb.o(i.USB_EP0_OutStart), (46 bytes).
    Removing stm32l4xx_ll_usb.o(i.USB_EPClearStall), (100 bytes).
    Removing stm32l4xx_ll_usb.o(i.USB_EPSetStall), (94 bytes).
    Removing stm32l4xx_ll_usb.o(i.USB_EPStartXfer), (504 bytes).
    Removing stm32l4xx_ll_usb.o(i.USB_EnableGlobalInt), (12 bytes).
    Removing stm32l4xx_ll_usb.o(i.USB_FlushRxFifo), (32 bytes).
    Removing stm32l4xx_ll_usb.o(i.USB_FlushTxFifo), (36 bytes).
    Removing stm32l4xx_ll_usb.o(i.USB_GetCurrentFrame), (8 bytes).
    Removing stm32l4xx_ll_usb.o(i.USB_GetDevSpeed), (60 bytes).
    Removing stm32l4xx_ll_usb.o(i.USB_GetHostSpeed), (14 bytes).
    Removing stm32l4xx_ll_usb.o(i.USB_GetMode), (8 bytes).
    Removing stm32l4xx_ll_usb.o(i.USB_HC_Halt), (376 bytes).
    Removing stm32l4xx_ll_usb.o(i.USB_HC_Init), (210 bytes).
    Removing stm32l4xx_ll_usb.o(i.USB_HC_ReadInterrupt), (12 bytes).
    Removing stm32l4xx_ll_usb.o(i.USB_HC_StartXfer), (328 bytes).
    Removing stm32l4xx_ll_usb.o(i.USB_HostInit), (164 bytes).
    Removing stm32l4xx_ll_usb.o(i.USB_InitFSLSPClkSel), (54 bytes).
    Removing stm32l4xx_ll_usb.o(i.USB_ReadDevAllInEpInterrupt), (14 bytes).
    Removing stm32l4xx_ll_usb.o(i.USB_ReadDevAllOutEpInterrupt), (14 bytes).
    Removing stm32l4xx_ll_usb.o(i.USB_ReadDevInEPInterrupt), (30 bytes).
    Removing stm32l4xx_ll_usb.o(i.USB_ReadDevOutEPInterrupt), (16 bytes).
    Removing stm32l4xx_ll_usb.o(i.USB_ReadInterrupts), (8 bytes).
    Removing stm32l4xx_ll_usb.o(i.USB_ReadPacket), (32 bytes).
    Removing stm32l4xx_ll_usb.o(i.USB_ResetPort), (44 bytes).
    Removing stm32l4xx_ll_usb.o(i.USB_SetCurrentMode), (44 bytes).
    Removing stm32l4xx_ll_usb.o(i.USB_SetDevAddress), (34 bytes).
    Removing stm32l4xx_ll_usb.o(i.USB_SetDevSpeed), (14 bytes).
    Removing stm32l4xx_ll_usb.o(i.USB_StopDevice), (66 bytes).
    Removing stm32l4xx_ll_usb.o(i.USB_StopHost), (190 bytes).
    Removing stm32l4xx_ll_usb.o(i.USB_WritePacket), (36 bytes).
    Removing stm32l4xx_ll_usb.o(.data), (4 bytes).
    Removing stm32l4xx_ll_utils.o(.rev16_text), (4 bytes).
    Removing stm32l4xx_ll_utils.o(.revsh_text), (4 bytes).
    Removing stm32l4xx_ll_utils.o(.rrx_text), (6 bytes).
    Removing stm32l4xx_ll_utils.o(i.LL_Init1msTick), (26 bytes).
    Removing stm32l4xx_ll_utils.o(i.LL_PLL_ConfigSystemClock_HSE), (108 bytes).
    Removing stm32l4xx_ll_utils.o(i.LL_PLL_ConfigSystemClock_HSI), (88 bytes).
    Removing stm32l4xx_ll_utils.o(i.LL_PLL_ConfigSystemClock_MSI), (160 bytes).
    Removing stm32l4xx_ll_utils.o(i.LL_RCC_PLL_ConfigDomain_SYS), (44 bytes).
    Removing stm32l4xx_ll_utils.o(i.LL_SetSystemCoreClock), (12 bytes).
    Removing stm32l4xx_ll_utils.o(i.LL_mDelay), (30 bytes).
    Removing stm32l4xx_ll_utils.o(i.UTILS_EnablePLLAndSwitchSystem), (164 bytes).
    Removing stm32l4xx_ll_utils.o(i.UTILS_GetPLLOutputFrequency), (68 bytes).
    Removing stm32l4xx_ll_utils.o(i.UTILS_PLL_IsBusy), (44 bytes).
    Removing stm32l4xx_ll_utils.o(i.UTILS_SetFlashLatency), (136 bytes).

1564 unused section(s) (total 118034 bytes) removed from the image.

==============================================================================

Image Symbol Table

    Local Symbols

    Symbol Name                              Value     Ov Type        Size  Object(Section)

    ../clib/microlib/division.c              0x00000000   Number         0  uldiv.o ABSOLUTE
    ../clib/microlib/init/entry.s            0x00000000   Number         0  entry10a.o ABSOLUTE
    ../clib/microlib/init/entry.s            0x00000000   Number         0  entry7b.o ABSOLUTE
    ../clib/microlib/init/entry.s            0x00000000   Number         0  entry8a.o ABSOLUTE
    ../clib/microlib/init/entry.s            0x00000000   Number         0  entry8b.o ABSOLUTE
    ../clib/microlib/init/entry.s            0x00000000   Number         0  entry9a.o ABSOLUTE
    ../clib/microlib/init/entry.s            0x00000000   Number         0  entry.o ABSOLUTE
    ../clib/microlib/init/entry.s            0x00000000   Number         0  entry9b.o ABSOLUTE
    ../clib/microlib/init/entry.s            0x00000000   Number         0  entry10b.o ABSOLUTE
    ../clib/microlib/init/entry.s            0x00000000   Number         0  entry11a.o ABSOLUTE
    ../clib/microlib/init/entry.s            0x00000000   Number         0  entry2.o ABSOLUTE
    ../clib/microlib/init/entry.s            0x00000000   Number         0  entry11b.o ABSOLUTE
    ../clib/microlib/init/entry.s            0x00000000   Number         0  entry5.o ABSOLUTE
    ../clib/microlib/init/entry.s            0x00000000   Number         0  entry7a.o ABSOLUTE
    ../clib/microlib/longlong.c              0x00000000   Number         0  llshl.o ABSOLUTE
    ../clib/microlib/longlong.c              0x00000000   Number         0  llushr.o ABSOLUTE
    ../clib/microlib/string/memcpy.c         0x00000000   Number         0  memcpya.o ABSOLUTE
    ../clib/microlib/string/memcpy.c         0x00000000   Number         0  memcpyb.o ABSOLUTE
    ../clib/microlib/string/memset.c         0x00000000   Number         0  memseta.o ABSOLUTE
    ..\Drivers\STM32L4xx_HAL_Driver\Src\stm32l4xx_hal.c 0x00000000   Number         0  stm32l4xx_hal.o ABSOLUTE
    ..\Drivers\STM32L4xx_HAL_Driver\Src\stm32l4xx_hal_adc.c 0x00000000   Number         0  stm32l4xx_hal_adc.o ABSOLUTE
    ..\Drivers\STM32L4xx_HAL_Driver\Src\stm32l4xx_hal_adc_ex.c 0x00000000   Number         0  stm32l4xx_hal_adc_ex.o ABSOLUTE
    ..\Drivers\STM32L4xx_HAL_Driver\Src\stm32l4xx_hal_can.c 0x00000000   Number         0  stm32l4xx_hal_can.o ABSOLUTE
    ..\Drivers\STM32L4xx_HAL_Driver\Src\stm32l4xx_hal_comp.c 0x00000000   Number         0  stm32l4xx_hal_comp.o ABSOLUTE
    ..\Drivers\STM32L4xx_HAL_Driver\Src\stm32l4xx_hal_cortex.c 0x00000000   Number         0  stm32l4xx_hal_cortex.o ABSOLUTE
    ..\Drivers\STM32L4xx_HAL_Driver\Src\stm32l4xx_hal_crc.c 0x00000000   Number         0  stm32l4xx_hal_crc.o ABSOLUTE
    ..\Drivers\STM32L4xx_HAL_Driver\Src\stm32l4xx_hal_crc_ex.c 0x00000000   Number         0  stm32l4xx_hal_crc_ex.o ABSOLUTE
    ..\Drivers\STM32L4xx_HAL_Driver\Src\stm32l4xx_hal_cryp.c 0x00000000   Number         0  stm32l4xx_hal_cryp.o ABSOLUTE
    ..\Drivers\STM32L4xx_HAL_Driver\Src\stm32l4xx_hal_cryp_ex.c 0x00000000   Number         0  stm32l4xx_hal_cryp_ex.o ABSOLUTE
    ..\Drivers\STM32L4xx_HAL_Driver\Src\stm32l4xx_hal_dac.c 0x00000000   Number         0  stm32l4xx_hal_dac.o ABSOLUTE
    ..\Drivers\STM32L4xx_HAL_Driver\Src\stm32l4xx_hal_dac_ex.c 0x00000000   Number         0  stm32l4xx_hal_dac_ex.o ABSOLUTE
    ..\Drivers\STM32L4xx_HAL_Driver\Src\stm32l4xx_hal_dfsdm.c 0x00000000   Number         0  stm32l4xx_hal_dfsdm.o ABSOLUTE
    ..\Drivers\STM32L4xx_HAL_Driver\Src\stm32l4xx_hal_dma.c 0x00000000   Number         0  stm32l4xx_hal_dma.o ABSOLUTE
    ..\Drivers\STM32L4xx_HAL_Driver\Src\stm32l4xx_hal_firewall.c 0x00000000   Number         0  stm32l4xx_hal_firewall.o ABSOLUTE
    ..\Drivers\STM32L4xx_HAL_Driver\Src\stm32l4xx_hal_flash.c 0x00000000   Number         0  stm32l4xx_hal_flash.o ABSOLUTE
    ..\Drivers\STM32L4xx_HAL_Driver\Src\stm32l4xx_hal_flash_ex.c 0x00000000   Number         0  stm32l4xx_hal_flash_ex.o ABSOLUTE
    ..\Drivers\STM32L4xx_HAL_Driver\Src\stm32l4xx_hal_flash_ramfunc.c 0x00000000   Number         0  stm32l4xx_hal_flash_ramfunc.o ABSOLUTE
    ..\Drivers\STM32L4xx_HAL_Driver\Src\stm32l4xx_hal_gpio.c 0x00000000   Number         0  stm32l4xx_hal_gpio.o ABSOLUTE
    ..\Drivers\STM32L4xx_HAL_Driver\Src\stm32l4xx_hal_hcd.c 0x00000000   Number         0  stm32l4xx_hal_hcd.o ABSOLUTE
    ..\Drivers\STM32L4xx_HAL_Driver\Src\stm32l4xx_hal_i2c.c 0x00000000   Number         0  stm32l4xx_hal_i2c.o ABSOLUTE
    ..\Drivers\STM32L4xx_HAL_Driver\Src\stm32l4xx_hal_i2c_ex.c 0x00000000   Number         0  stm32l4xx_hal_i2c_ex.o ABSOLUTE
    ..\Drivers\STM32L4xx_HAL_Driver\Src\stm32l4xx_hal_irda.c 0x00000000   Number         0  stm32l4xx_hal_irda.o ABSOLUTE
    ..\Drivers\STM32L4xx_HAL_Driver\Src\stm32l4xx_hal_iwdg.c 0x00000000   Number         0  stm32l4xx_hal_iwdg.o ABSOLUTE
    ..\Drivers\STM32L4xx_HAL_Driver\Src\stm32l4xx_hal_lcd.c 0x00000000   Number         0  stm32l4xx_hal_lcd.o ABSOLUTE
    ..\Drivers\STM32L4xx_HAL_Driver\Src\stm32l4xx_hal_lptim.c 0x00000000   Number         0  stm32l4xx_hal_lptim.o ABSOLUTE
    ..\Drivers\STM32L4xx_HAL_Driver\Src\stm32l4xx_hal_msp_template.c 0x00000000   Number         0  stm32l4xx_hal_msp_template.o ABSOLUTE
    ..\Drivers\STM32L4xx_HAL_Driver\Src\stm32l4xx_hal_nand.c 0x00000000   Number         0  stm32l4xx_hal_nand.o ABSOLUTE
    ..\Drivers\STM32L4xx_HAL_Driver\Src\stm32l4xx_hal_nor.c 0x00000000   Number         0  stm32l4xx_hal_nor.o ABSOLUTE
    ..\Drivers\STM32L4xx_HAL_Driver\Src\stm32l4xx_hal_opamp.c 0x00000000   Number         0  stm32l4xx_hal_opamp.o ABSOLUTE
    ..\Drivers\STM32L4xx_HAL_Driver\Src\stm32l4xx_hal_opamp_ex.c 0x00000000   Number         0  stm32l4xx_hal_opamp_ex.o ABSOLUTE
    ..\Drivers\STM32L4xx_HAL_Driver\Src\stm32l4xx_hal_pcd.c 0x00000000   Number         0  stm32l4xx_hal_pcd.o ABSOLUTE
    ..\Drivers\STM32L4xx_HAL_Driver\Src\stm32l4xx_hal_pcd_ex.c 0x00000000   Number         0  stm32l4xx_hal_pcd_ex.o ABSOLUTE
    ..\Drivers\STM32L4xx_HAL_Driver\Src\stm32l4xx_hal_pwr.c 0x00000000   Number         0  stm32l4xx_hal_pwr.o ABSOLUTE
    ..\Drivers\STM32L4xx_HAL_Driver\Src\stm32l4xx_hal_pwr_ex.c 0x00000000   Number         0  stm32l4xx_hal_pwr_ex.o ABSOLUTE
    ..\Drivers\STM32L4xx_HAL_Driver\Src\stm32l4xx_hal_qspi.c 0x00000000   Number         0  stm32l4xx_hal_qspi.o ABSOLUTE
    ..\Drivers\STM32L4xx_HAL_Driver\Src\stm32l4xx_hal_rcc.c 0x00000000   Number         0  stm32l4xx_hal_rcc.o ABSOLUTE
    ..\Drivers\STM32L4xx_HAL_Driver\Src\stm32l4xx_hal_rcc_ex.c 0x00000000   Number         0  stm32l4xx_hal_rcc_ex.o ABSOLUTE
    ..\Drivers\STM32L4xx_HAL_Driver\Src\stm32l4xx_hal_rng.c 0x00000000   Number         0  stm32l4xx_hal_rng.o ABSOLUTE
    ..\Drivers\STM32L4xx_HAL_Driver\Src\stm32l4xx_hal_rtc.c 0x00000000   Number         0  stm32l4xx_hal_rtc.o ABSOLUTE
    ..\Drivers\STM32L4xx_HAL_Driver\Src\stm32l4xx_hal_rtc_ex.c 0x00000000   Number         0  stm32l4xx_hal_rtc_ex.o ABSOLUTE
    ..\Drivers\STM32L4xx_HAL_Driver\Src\stm32l4xx_hal_sai.c 0x00000000   Number         0  stm32l4xx_hal_sai.o ABSOLUTE
    ..\Drivers\STM32L4xx_HAL_Driver\Src\stm32l4xx_hal_sd.c 0x00000000   Number         0  stm32l4xx_hal_sd.o ABSOLUTE
    ..\Drivers\STM32L4xx_HAL_Driver\Src\stm32l4xx_hal_smartcard.c 0x00000000   Number         0  stm32l4xx_hal_smartcard.o ABSOLUTE
    ..\Drivers\STM32L4xx_HAL_Driver\Src\stm32l4xx_hal_smartcard_ex.c 0x00000000   Number         0  stm32l4xx_hal_smartcard_ex.o ABSOLUTE
    ..\Drivers\STM32L4xx_HAL_Driver\Src\stm32l4xx_hal_smbus.c 0x00000000   Number         0  stm32l4xx_hal_smbus.o ABSOLUTE
    ..\Drivers\STM32L4xx_HAL_Driver\Src\stm32l4xx_hal_spi.c 0x00000000   Number         0  stm32l4xx_hal_spi.o ABSOLUTE
    ..\Drivers\STM32L4xx_HAL_Driver\Src\stm32l4xx_hal_spi_ex.c 0x00000000   Number         0  stm32l4xx_hal_spi_ex.o ABSOLUTE
    ..\Drivers\STM32L4xx_HAL_Driver\Src\stm32l4xx_hal_sram.c 0x00000000   Number         0  stm32l4xx_hal_sram.o ABSOLUTE
    ..\Drivers\STM32L4xx_HAL_Driver\Src\stm32l4xx_hal_swpmi.c 0x00000000   Number         0  stm32l4xx_hal_swpmi.o ABSOLUTE
    ..\Drivers\STM32L4xx_HAL_Driver\Src\stm32l4xx_hal_tim.c 0x00000000   Number         0  stm32l4xx_hal_tim.o ABSOLUTE
    ..\Drivers\STM32L4xx_HAL_Driver\Src\stm32l4xx_hal_tim_ex.c 0x00000000   Number         0  stm32l4xx_hal_tim_ex.o ABSOLUTE
    ..\Drivers\STM32L4xx_HAL_Driver\Src\stm32l4xx_hal_timebase_tim_template.c 0x00000000   Number         0  stm32l4xx_hal_timebase_tim_template.o ABSOLUTE
    ..\Drivers\STM32L4xx_HAL_Driver\Src\stm32l4xx_hal_tsc.c 0x00000000   Number         0  stm32l4xx_hal_tsc.o ABSOLUTE
    ..\Drivers\STM32L4xx_HAL_Driver\Src\stm32l4xx_hal_uart.c 0x00000000   Number         0  stm32l4xx_hal_uart.o ABSOLUTE
    ..\Drivers\STM32L4xx_HAL_Driver\Src\stm32l4xx_hal_uart_ex.c 0x00000000   Number         0  stm32l4xx_hal_uart_ex.o ABSOLUTE
    ..\Drivers\STM32L4xx_HAL_Driver\Src\stm32l4xx_hal_usart.c 0x00000000   Number         0  stm32l4xx_hal_usart.o ABSOLUTE
    ..\Drivers\STM32L4xx_HAL_Driver\Src\stm32l4xx_hal_wwdg.c 0x00000000   Number         0  stm32l4xx_hal_wwdg.o ABSOLUTE
    ..\Drivers\STM32L4xx_HAL_Driver\Src\stm32l4xx_ll_adc.c 0x00000000   Number         0  stm32l4xx_ll_adc.o ABSOLUTE
    ..\Drivers\STM32L4xx_HAL_Driver\Src\stm32l4xx_ll_comp.c 0x00000000   Number         0  stm32l4xx_ll_comp.o ABSOLUTE
    ..\Drivers\STM32L4xx_HAL_Driver\Src\stm32l4xx_ll_crc.c 0x00000000   Number         0  stm32l4xx_ll_crc.o ABSOLUTE
    ..\Drivers\STM32L4xx_HAL_Driver\Src\stm32l4xx_ll_crs.c 0x00000000   Number         0  stm32l4xx_ll_crs.o ABSOLUTE
    ..\Drivers\STM32L4xx_HAL_Driver\Src\stm32l4xx_ll_dac.c 0x00000000   Number         0  stm32l4xx_ll_dac.o ABSOLUTE
    ..\Drivers\STM32L4xx_HAL_Driver\Src\stm32l4xx_ll_dma.c 0x00000000   Number         0  stm32l4xx_ll_dma.o ABSOLUTE
    ..\Drivers\STM32L4xx_HAL_Driver\Src\stm32l4xx_ll_exti.c 0x00000000   Number         0  stm32l4xx_ll_exti.o ABSOLUTE
    ..\Drivers\STM32L4xx_HAL_Driver\Src\stm32l4xx_ll_fmc.c 0x00000000   Number         0  stm32l4xx_ll_fmc.o ABSOLUTE
    ..\Drivers\STM32L4xx_HAL_Driver\Src\stm32l4xx_ll_gpio.c 0x00000000   Number         0  stm32l4xx_ll_gpio.o ABSOLUTE
    ..\Drivers\STM32L4xx_HAL_Driver\Src\stm32l4xx_ll_i2c.c 0x00000000   Number         0  stm32l4xx_ll_i2c.o ABSOLUTE
    ..\Drivers\STM32L4xx_HAL_Driver\Src\stm32l4xx_ll_lptim.c 0x00000000   Number         0  stm32l4xx_ll_lptim.o ABSOLUTE
    ..\Drivers\STM32L4xx_HAL_Driver\Src\stm32l4xx_ll_lpuart.c 0x00000000   Number         0  stm32l4xx_ll_lpuart.o ABSOLUTE
    ..\Drivers\STM32L4xx_HAL_Driver\Src\stm32l4xx_ll_opamp.c 0x00000000   Number         0  stm32l4xx_ll_opamp.o ABSOLUTE
    ..\Drivers\STM32L4xx_HAL_Driver\Src\stm32l4xx_ll_pwr.c 0x00000000   Number         0  stm32l4xx_ll_pwr.o ABSOLUTE
    ..\Drivers\STM32L4xx_HAL_Driver\Src\stm32l4xx_ll_rcc.c 0x00000000   Number         0  stm32l4xx_ll_rcc.o ABSOLUTE
    ..\Drivers\STM32L4xx_HAL_Driver\Src\stm32l4xx_ll_rng.c 0x00000000   Number         0  stm32l4xx_ll_rng.o ABSOLUTE
    ..\Drivers\STM32L4xx_HAL_Driver\Src\stm32l4xx_ll_rtc.c 0x00000000   Number         0  stm32l4xx_ll_rtc.o ABSOLUTE
    ..\Drivers\STM32L4xx_HAL_Driver\Src\stm32l4xx_ll_sdmmc.c 0x00000000   Number         0  stm32l4xx_ll_sdmmc.o ABSOLUTE
    ..\Drivers\STM32L4xx_HAL_Driver\Src\stm32l4xx_ll_spi.c 0x00000000   Number         0  stm32l4xx_ll_spi.o ABSOLUTE
    ..\Drivers\STM32L4xx_HAL_Driver\Src\stm32l4xx_ll_swpmi.c 0x00000000   Number         0  stm32l4xx_ll_swpmi.o ABSOLUTE
    ..\Drivers\STM32L4xx_HAL_Driver\Src\stm32l4xx_ll_tim.c 0x00000000   Number         0  stm32l4xx_ll_tim.o ABSOLUTE
    ..\Drivers\STM32L4xx_HAL_Driver\Src\stm32l4xx_ll_usart.c 0x00000000   Number         0  stm32l4xx_ll_usart.o ABSOLUTE
    ..\Drivers\STM32L4xx_HAL_Driver\Src\stm32l4xx_ll_usb.c 0x00000000   Number         0  stm32l4xx_ll_usb.o ABSOLUTE
    ..\Drivers\STM32L4xx_HAL_Driver\Src\stm32l4xx_ll_utils.c 0x00000000   Number         0  stm32l4xx_ll_utils.o ABSOLUTE
    ..\Src\main.c                            0x00000000   Number         0  main.o ABSOLUTE
    ..\Src\stm32l4xx_it.c                    0x00000000   Number         0  stm32l4xx_it_1.o ABSOLUTE
    ..\Src\system_stm32l4xx.c                0x00000000   Number         0  system_stm32l4xx.o ABSOLUTE
    ..\\Drivers\\STM32L4xx_HAL_Driver\\Src\\stm32l4xx_hal.c 0x00000000   Number         0  stm32l4xx_hal.o ABSOLUTE
    ..\\Drivers\\STM32L4xx_HAL_Driver\\Src\\stm32l4xx_hal_adc.c 0x00000000   Number         0  stm32l4xx_hal_adc.o ABSOLUTE
    ..\\Drivers\\STM32L4xx_HAL_Driver\\Src\\stm32l4xx_hal_adc_ex.c 0x00000000   Number         0  stm32l4xx_hal_adc_ex.o ABSOLUTE
    ..\\Drivers\\STM32L4xx_HAL_Driver\\Src\\stm32l4xx_hal_can.c 0x00000000   Number         0  stm32l4xx_hal_can.o ABSOLUTE
    ..\\Drivers\\STM32L4xx_HAL_Driver\\Src\\stm32l4xx_hal_comp.c 0x00000000   Number         0  stm32l4xx_hal_comp.o ABSOLUTE
    ..\\Drivers\\STM32L4xx_HAL_Driver\\Src\\stm32l4xx_hal_cortex.c 0x00000000   Number         0  stm32l4xx_hal_cortex.o ABSOLUTE
    ..\\Drivers\\STM32L4xx_HAL_Driver\\Src\\stm32l4xx_hal_crc.c 0x00000000   Number         0  stm32l4xx_hal_crc.o ABSOLUTE
    ..\\Drivers\\STM32L4xx_HAL_Driver\\Src\\stm32l4xx_hal_crc_ex.c 0x00000000   Number         0  stm32l4xx_hal_crc_ex.o ABSOLUTE
    ..\\Drivers\\STM32L4xx_HAL_Driver\\Src\\stm32l4xx_hal_cryp.c 0x00000000   Number         0  stm32l4xx_hal_cryp.o ABSOLUTE
    ..\\Drivers\\STM32L4xx_HAL_Driver\\Src\\stm32l4xx_hal_cryp_ex.c 0x00000000   Number         0  stm32l4xx_hal_cryp_ex.o ABSOLUTE
    ..\\Drivers\\STM32L4xx_HAL_Driver\\Src\\stm32l4xx_hal_dac.c 0x00000000   Number         0  stm32l4xx_hal_dac.o ABSOLUTE
    ..\\Drivers\\STM32L4xx_HAL_Driver\\Src\\stm32l4xx_hal_dac_ex.c 0x00000000   Number         0  stm32l4xx_hal_dac_ex.o ABSOLUTE
    ..\\Drivers\\STM32L4xx_HAL_Driver\\Src\\stm32l4xx_hal_dfsdm.c 0x00000000   Number         0  stm32l4xx_hal_dfsdm.o ABSOLUTE
    ..\\Drivers\\STM32L4xx_HAL_Driver\\Src\\stm32l4xx_hal_dma.c 0x00000000   Number         0  stm32l4xx_hal_dma.o ABSOLUTE
    ..\\Drivers\\STM32L4xx_HAL_Driver\\Src\\stm32l4xx_hal_firewall.c 0x00000000   Number         0  stm32l4xx_hal_firewall.o ABSOLUTE
    ..\\Drivers\\STM32L4xx_HAL_Driver\\Src\\stm32l4xx_hal_flash.c 0x00000000   Number         0  stm32l4xx_hal_flash.o ABSOLUTE
    ..\\Drivers\\STM32L4xx_HAL_Driver\\Src\\stm32l4xx_hal_flash_ex.c 0x00000000   Number         0  stm32l4xx_hal_flash_ex.o ABSOLUTE
    ..\\Drivers\\STM32L4xx_HAL_Driver\\Src\\stm32l4xx_hal_flash_ramfunc.c 0x00000000   Number         0  stm32l4xx_hal_flash_ramfunc.o ABSOLUTE
    ..\\Drivers\\STM32L4xx_HAL_Driver\\Src\\stm32l4xx_hal_gpio.c 0x00000000   Number         0  stm32l4xx_hal_gpio.o ABSOLUTE
    ..\\Drivers\\STM32L4xx_HAL_Driver\\Src\\stm32l4xx_hal_hcd.c 0x00000000   Number         0  stm32l4xx_hal_hcd.o ABSOLUTE
    ..\\Drivers\\STM32L4xx_HAL_Driver\\Src\\stm32l4xx_hal_i2c.c 0x00000000   Number         0  stm32l4xx_hal_i2c.o ABSOLUTE
    ..\\Drivers\\STM32L4xx_HAL_Driver\\Src\\stm32l4xx_hal_i2c_ex.c 0x00000000   Number         0  stm32l4xx_hal_i2c_ex.o ABSOLUTE
    ..\\Drivers\\STM32L4xx_HAL_Driver\\Src\\stm32l4xx_hal_irda.c 0x00000000   Number         0  stm32l4xx_hal_irda.o ABSOLUTE
    ..\\Drivers\\STM32L4xx_HAL_Driver\\Src\\stm32l4xx_hal_iwdg.c 0x00000000   Number         0  stm32l4xx_hal_iwdg.o ABSOLUTE
    ..\\Drivers\\STM32L4xx_HAL_Driver\\Src\\stm32l4xx_hal_lcd.c 0x00000000   Number         0  stm32l4xx_hal_lcd.o ABSOLUTE
    ..\\Drivers\\STM32L4xx_HAL_Driver\\Src\\stm32l4xx_hal_lptim.c 0x00000000   Number         0  stm32l4xx_hal_lptim.o ABSOLUTE
    ..\\Drivers\\STM32L4xx_HAL_Driver\\Src\\stm32l4xx_hal_msp_template.c 0x00000000   Number         0  stm32l4xx_hal_msp_template.o ABSOLUTE
    ..\\Drivers\\STM32L4xx_HAL_Driver\\Src\\stm32l4xx_hal_nand.c 0x00000000   Number         0  stm32l4xx_hal_nand.o ABSOLUTE
    ..\\Drivers\\STM32L4xx_HAL_Driver\\Src\\stm32l4xx_hal_nor.c 0x00000000   Number         0  stm32l4xx_hal_nor.o ABSOLUTE
    ..\\Drivers\\STM32L4xx_HAL_Driver\\Src\\stm32l4xx_hal_opamp.c 0x00000000   Number         0  stm32l4xx_hal_opamp.o ABSOLUTE
    ..\\Drivers\\STM32L4xx_HAL_Driver\\Src\\stm32l4xx_hal_opamp_ex.c 0x00000000   Number         0  stm32l4xx_hal_opamp_ex.o ABSOLUTE
    ..\\Drivers\\STM32L4xx_HAL_Driver\\Src\\stm32l4xx_hal_pcd.c 0x00000000   Number         0  stm32l4xx_hal_pcd.o ABSOLUTE
    ..\\Drivers\\STM32L4xx_HAL_Driver\\Src\\stm32l4xx_hal_pcd_ex.c 0x00000000   Number         0  stm32l4xx_hal_pcd_ex.o ABSOLUTE
    ..\\Drivers\\STM32L4xx_HAL_Driver\\Src\\stm32l4xx_hal_pwr.c 0x00000000   Number         0  stm32l4xx_hal_pwr.o ABSOLUTE
    ..\\Drivers\\STM32L4xx_HAL_Driver\\Src\\stm32l4xx_hal_pwr_ex.c 0x00000000   Number         0  stm32l4xx_hal_pwr_ex.o ABSOLUTE
    ..\\Drivers\\STM32L4xx_HAL_Driver\\Src\\stm32l4xx_hal_qspi.c 0x00000000   Number         0  stm32l4xx_hal_qspi.o ABSOLUTE
    ..\\Drivers\\STM32L4xx_HAL_Driver\\Src\\stm32l4xx_hal_rcc.c 0x00000000   Number         0  stm32l4xx_hal_rcc.o ABSOLUTE
    ..\\Drivers\\STM32L4xx_HAL_Driver\\Src\\stm32l4xx_hal_rcc_ex.c 0x00000000   Number         0  stm32l4xx_hal_rcc_ex.o ABSOLUTE
    ..\\Drivers\\STM32L4xx_HAL_Driver\\Src\\stm32l4xx_hal_rng.c 0x00000000   Number         0  stm32l4xx_hal_rng.o ABSOLUTE
    ..\\Drivers\\STM32L4xx_HAL_Driver\\Src\\stm32l4xx_hal_rtc.c 0x00000000   Number         0  stm32l4xx_hal_rtc.o ABSOLUTE
    ..\\Drivers\\STM32L4xx_HAL_Driver\\Src\\stm32l4xx_hal_rtc_ex.c 0x00000000   Number         0  stm32l4xx_hal_rtc_ex.o ABSOLUTE
    ..\\Drivers\\STM32L4xx_HAL_Driver\\Src\\stm32l4xx_hal_sai.c 0x00000000   Number         0  stm32l4xx_hal_sai.o ABSOLUTE
    ..\\Drivers\\STM32L4xx_HAL_Driver\\Src\\stm32l4xx_hal_sd.c 0x00000000   Number         0  stm32l4xx_hal_sd.o ABSOLUTE
    ..\\Drivers\\STM32L4xx_HAL_Driver\\Src\\stm32l4xx_hal_smartcard.c 0x00000000   Number         0  stm32l4xx_hal_smartcard.o ABSOLUTE
    ..\\Drivers\\STM32L4xx_HAL_Driver\\Src\\stm32l4xx_hal_smartcard_ex.c 0x00000000   Number         0  stm32l4xx_hal_smartcard_ex.o ABSOLUTE
    ..\\Drivers\\STM32L4xx_HAL_Driver\\Src\\stm32l4xx_hal_smbus.c 0x00000000   Number         0  stm32l4xx_hal_smbus.o ABSOLUTE
    ..\\Drivers\\STM32L4xx_HAL_Driver\\Src\\stm32l4xx_hal_spi.c 0x00000000   Number         0  stm32l4xx_hal_spi.o ABSOLUTE
    ..\\Drivers\\STM32L4xx_HAL_Driver\\Src\\stm32l4xx_hal_spi_ex.c 0x00000000   Number         0  stm32l4xx_hal_spi_ex.o ABSOLUTE
    ..\\Drivers\\STM32L4xx_HAL_Driver\\Src\\stm32l4xx_hal_sram.c 0x00000000   Number         0  stm32l4xx_hal_sram.o ABSOLUTE
    ..\\Drivers\\STM32L4xx_HAL_Driver\\Src\\stm32l4xx_hal_swpmi.c 0x00000000   Number         0  stm32l4xx_hal_swpmi.o ABSOLUTE
    ..\\Drivers\\STM32L4xx_HAL_Driver\\Src\\stm32l4xx_hal_tim.c 0x00000000   Number         0  stm32l4xx_hal_tim.o ABSOLUTE
    ..\\Drivers\\STM32L4xx_HAL_Driver\\Src\\stm32l4xx_hal_tim_ex.c 0x00000000   Number         0  stm32l4xx_hal_tim_ex.o ABSOLUTE
    ..\\Drivers\\STM32L4xx_HAL_Driver\\Src\\stm32l4xx_hal_timebase_tim_template.c 0x00000000   Number         0  stm32l4xx_hal_timebase_tim_template.o ABSOLUTE
    ..\\Drivers\\STM32L4xx_HAL_Driver\\Src\\stm32l4xx_hal_tsc.c 0x00000000   Number         0  stm32l4xx_hal_tsc.o ABSOLUTE
    ..\\Drivers\\STM32L4xx_HAL_Driver\\Src\\stm32l4xx_hal_uart.c 0x00000000   Number         0  stm32l4xx_hal_uart.o ABSOLUTE
    ..\\Drivers\\STM32L4xx_HAL_Driver\\Src\\stm32l4xx_hal_uart_ex.c 0x00000000   Number         0  stm32l4xx_hal_uart_ex.o ABSOLUTE
    ..\\Drivers\\STM32L4xx_HAL_Driver\\Src\\stm32l4xx_hal_usart.c 0x00000000   Number         0  stm32l4xx_hal_usart.o ABSOLUTE
    ..\\Drivers\\STM32L4xx_HAL_Driver\\Src\\stm32l4xx_hal_wwdg.c 0x00000000   Number         0  stm32l4xx_hal_wwdg.o ABSOLUTE
    ..\\Drivers\\STM32L4xx_HAL_Driver\\Src\\stm32l4xx_ll_fmc.c 0x00000000   Number         0  stm32l4xx_ll_fmc.o ABSOLUTE
    ..\\Drivers\\STM32L4xx_HAL_Driver\\Src\\stm32l4xx_ll_sdmmc.c 0x00000000   Number         0  stm32l4xx_ll_sdmmc.o ABSOLUTE
    ..\\Drivers\\STM32L4xx_HAL_Driver\\Src\\stm32l4xx_ll_usb.c 0x00000000   Number         0  stm32l4xx_ll_usb.o ABSOLUTE
    ..\\Drivers\\STM32L4xx_HAL_Driver\\Src\\stm32l4xx_ll_utils.c 0x00000000   Number         0  stm32l4xx_ll_utils.o ABSOLUTE
    ..\\Src\\main.c                          0x00000000   Number         0  main.o ABSOLUTE
    ..\\Src\\stm32l4xx_it.c                  0x00000000   Number         0  stm32l4xx_it_1.o ABSOLUTE
    ..\\Src\\system_stm32l4xx.c              0x00000000   Number         0  system_stm32l4xx.o ABSOLUTE
    dc.s                                     0x00000000   Number         0  dc.o ABSOLUTE
    handlers.s                               0x00000000   Number         0  handlers.o ABSOLUTE
    init.s                                   0x00000000   Number         0  init.o ABSOLUTE
    startup_stm32l476xx.s                    0x00000000   Number         0  startup_stm32l476xx.o ABSOLUTE
    RESET                                    0x08000000   Section      392  startup_stm32l476xx.o(RESET)
    .ARM.Collect$$$$00000000                 0x08000188   Section        0  entry.o(.ARM.Collect$$$$00000000)
    .ARM.Collect$$$$00000001                 0x08000188   Section        4  entry2.o(.ARM.Collect$$$$00000001)
    .ARM.Collect$$$$00000004                 0x0800018c   Section        4  entry5.o(.ARM.Collect$$$$00000004)
    .ARM.Collect$$$$00000008                 0x08000190   Section        0  entry7b.o(.ARM.Collect$$$$00000008)
    .ARM.Collect$$$$0000000A                 0x08000190   Section        0  entry8b.o(.ARM.Collect$$$$0000000A)
    .ARM.Collect$$$$0000000B                 0x08000190   Section        8  entry9a.o(.ARM.Collect$$$$0000000B)
    .ARM.Collect$$$$0000000D                 0x08000198   Section        0  entry10a.o(.ARM.Collect$$$$0000000D)
    .ARM.Collect$$$$0000000F                 0x08000198   Section        0  entry11a.o(.ARM.Collect$$$$0000000F)
    .ARM.Collect$$$$00002712                 0x08000198   Section        4  entry2.o(.ARM.Collect$$$$00002712)
    __lit__00000000                          0x08000198   Data           4  entry2.o(.ARM.Collect$$$$00002712)
    .text                                    0x0800019c   Section       36  startup_stm32l476xx.o(.text)
    $v0                                      0x0800019c   Number         0  startup_stm32l476xx.o(.text)
    .text                                    0x080001c0   Section       36  init.o(.text)
    i.BusFault_Handler                       0x080001e4   Section        0  stm32l4xx_it_1.o(i.BusFault_Handler)
    i.DFSDM_DMAError                         0x080001e6   Section        0  stm32l4xx_hal_dfsdm.o(i.DFSDM_DMAError)
    DFSDM_DMAError                           0x080001e7   Thumb Code    14  stm32l4xx_hal_dfsdm.o(i.DFSDM_DMAError)
    i.DFSDM_DMARegularConvCplt               0x080001f4   Section        0  stm32l4xx_hal_dfsdm.o(i.DFSDM_DMARegularConvCplt)
    DFSDM_DMARegularConvCplt                 0x080001f5   Thumb Code    10  stm32l4xx_hal_dfsdm.o(i.DFSDM_DMARegularConvCplt)
    i.DFSDM_DMARegularHalfConvCplt           0x080001fe   Section        0  stm32l4xx_hal_dfsdm.o(i.DFSDM_DMARegularHalfConvCplt)
    DFSDM_DMARegularHalfConvCplt             0x080001ff   Thumb Code    10  stm32l4xx_hal_dfsdm.o(i.DFSDM_DMARegularHalfConvCplt)
    i.DFSDM_GetChannelFromInstance           0x08000208   Section        0  stm32l4xx_hal_dfsdm.o(i.DFSDM_GetChannelFromInstance)
    DFSDM_GetChannelFromInstance             0x08000209   Thumb Code    98  stm32l4xx_hal_dfsdm.o(i.DFSDM_GetChannelFromInstance)
    i.DFSDM_Init                             0x08000270   Section        0  main.o(i.DFSDM_Init)
    DFSDM_Init                               0x08000271   Thumb Code   198  main.o(i.DFSDM_Init)
    i.DFSDM_RegConvStart                     0x08000344   Section        0  stm32l4xx_hal_dfsdm.o(i.DFSDM_RegConvStart)
    DFSDM_RegConvStart                       0x08000345   Thumb Code   106  stm32l4xx_hal_dfsdm.o(i.DFSDM_RegConvStart)
    i.DMA1_Channel4_IRQHandler               0x080003b0   Section        0  stm32l4xx_it_1.o(i.DMA1_Channel4_IRQHandler)
    i.DMA2_Channel1_IRQHandler               0x080003bc   Section        0  stm32l4xx_it_1.o(i.DMA2_Channel1_IRQHandler)
    i.DMA_SetConfig                          0x080003be   Section        0  stm32l4xx_hal_dma.o(i.DMA_SetConfig)
    DMA_SetConfig                            0x080003bf   Thumb Code    42  stm32l4xx_hal_dma.o(i.DMA_SetConfig)
    i.DebugMon_Handler                       0x080003e8   Section        0  stm32l4xx_it_1.o(i.DebugMon_Handler)
    i.Error_Handler                          0x080003ea   Section        0  main.o(i.Error_Handler)
    i.HAL_DFSDM_ChannelGetState              0x080003fa   Section        0  stm32l4xx_hal_dfsdm.o(i.HAL_DFSDM_ChannelGetState)
    i.HAL_DFSDM_ChannelInit                  0x08000400   Section        0  stm32l4xx_hal_dfsdm.o(i.HAL_DFSDM_ChannelInit)
    i.HAL_DFSDM_ChannelMspInit               0x08000524   Section        0  stm32l4xx_hal_dfsdm.o(i.HAL_DFSDM_ChannelMspInit)
    i.HAL_DFSDM_FilterConfigRegChannel       0x08000528   Section        0  stm32l4xx_hal_dfsdm.o(i.HAL_DFSDM_FilterConfigRegChannel)
    i.HAL_DFSDM_FilterErrorCallback          0x08000570   Section        0  stm32l4xx_hal_dfsdm.o(i.HAL_DFSDM_FilterErrorCallback)
    i.HAL_DFSDM_FilterGetState               0x08000572   Section        0  stm32l4xx_hal_dfsdm.o(i.HAL_DFSDM_FilterGetState)
    i.HAL_DFSDM_FilterInit                   0x08000578   Section        0  stm32l4xx_hal_dfsdm.o(i.HAL_DFSDM_FilterInit)
    i.HAL_DFSDM_FilterMspInit                0x08000684   Section        0  stm32l4xx_hal_dfsdm.o(i.HAL_DFSDM_FilterMspInit)
    i.HAL_DFSDM_FilterRegConvCpltCallback    0x08000688   Section        0  main.o(i.HAL_DFSDM_FilterRegConvCpltCallback)
    i.HAL_DFSDM_FilterRegConvHalfCpltCallback 0x08000694   Section        0  main.o(i.HAL_DFSDM_FilterRegConvHalfCpltCallback)
    i.HAL_DFSDM_FilterRegularStart_DMA       0x080006a0   Section        0  stm32l4xx_hal_dfsdm.o(i.HAL_DFSDM_FilterRegularStart_DMA)
    i.HAL_DMA_IRQHandler                     0x08000728   Section        0  stm32l4xx_hal_dma.o(i.HAL_DMA_IRQHandler)
    i.HAL_DMA_Init                           0x080007d0   Section        0  stm32l4xx_hal_dma.o(i.HAL_DMA_Init)
    i.HAL_DMA_Start_IT                       0x08000890   Section        0  stm32l4xx_hal_dma.o(i.HAL_DMA_Start_IT)
    i.HAL_Delay                              0x08000900   Section        0  stm32l4xx_hal.o(i.HAL_Delay)
    i.HAL_GPIO_Init                          0x08000918   Section        0  stm32l4xx_hal_gpio.o(i.HAL_GPIO_Init)
    i.HAL_GPIO_TogglePin                     0x08000adc   Section        0  stm32l4xx_hal_gpio.o(i.HAL_GPIO_TogglePin)
    i.HAL_GetTick                            0x08000ae4   Section        0  stm32l4xx_hal.o(i.HAL_GetTick)
    i.HAL_IncTick                            0x08000af0   Section        0  stm32l4xx_hal.o(i.HAL_IncTick)
    i.HAL_Init                               0x08000b00   Section        0  stm32l4xx_hal.o(i.HAL_Init)
    i.HAL_InitTick                           0x08000b24   Section        0  stm32l4xx_hal_timebase_tim_template.o(i.HAL_InitTick)
    i.HAL_MspInit                            0x08000ba4   Section        0  stm32l4xx_hal_msp_template.o(i.HAL_MspInit)
    i.HAL_NVIC_EnableIRQ                     0x08000ba6   Section        0  stm32l4xx_hal_cortex.o(i.HAL_NVIC_EnableIRQ)
    i.HAL_NVIC_SetPriority                   0x08000bbc   Section        0  stm32l4xx_hal_cortex.o(i.HAL_NVIC_SetPriority)
    i.HAL_NVIC_SetPriorityGrouping           0x08000bfc   Section        0  stm32l4xx_hal_cortex.o(i.HAL_NVIC_SetPriorityGrouping)
    i.HAL_PWREx_GetVoltageRange              0x08000c20   Section        0  stm32l4xx_hal_pwr_ex.o(i.HAL_PWREx_GetVoltageRange)
    i.HAL_RCCEx_DisableLSECSS                0x08000c30   Section        0  stm32l4xx_hal_rcc_ex.o(i.HAL_RCCEx_DisableLSECSS)
    i.HAL_RCCEx_EnableMSIPLLMode             0x08000c4c   Section        0  stm32l4xx_hal_rcc_ex.o(i.HAL_RCCEx_EnableMSIPLLMode)
    i.HAL_RCCEx_PeriphCLKConfig              0x08000c5c   Section        0  stm32l4xx_hal_rcc_ex.o(i.HAL_RCCEx_PeriphCLKConfig)
    i.HAL_RCC_ClockConfig                    0x08001004   Section        0  stm32l4xx_hal_rcc.o(i.HAL_RCC_ClockConfig)
    i.HAL_RCC_GetClockConfig                 0x08001184   Section        0  stm32l4xx_hal_rcc.o(i.HAL_RCC_GetClockConfig)
    i.HAL_RCC_GetPCLK1Freq                   0x080011c4   Section        0  stm32l4xx_hal_rcc.o(i.HAL_RCC_GetPCLK1Freq)
    i.HAL_RCC_GetSysClockFreq                0x080011f4   Section        0  stm32l4xx_hal_rcc.o(i.HAL_RCC_GetSysClockFreq)
    i.HAL_RCC_OscConfig                      0x080012f0   Section        0  stm32l4xx_hal_rcc.o(i.HAL_RCC_OscConfig)
    i.HAL_TIMEx_BreakCallback                0x08001778   Section        0  stm32l4xx_hal_tim_ex.o(i.HAL_TIMEx_BreakCallback)
    i.HAL_TIMEx_CommutationCallback          0x0800177a   Section        0  stm32l4xx_hal_tim_ex.o(i.HAL_TIMEx_CommutationCallback)
    i.HAL_TIM_Base_Init                      0x0800177c   Section        0  stm32l4xx_hal_tim.o(i.HAL_TIM_Base_Init)
    i.HAL_TIM_Base_MspInit                   0x080017b2   Section        0  stm32l4xx_hal_tim.o(i.HAL_TIM_Base_MspInit)
    i.HAL_TIM_Base_Start_IT                  0x080017b4   Section        0  stm32l4xx_hal_tim.o(i.HAL_TIM_Base_Start_IT)
    i.HAL_TIM_IC_CaptureCallback             0x080017cc   Section        0  stm32l4xx_hal_tim.o(i.HAL_TIM_IC_CaptureCallback)
    i.HAL_TIM_IRQHandler                     0x080017ce   Section        0  stm32l4xx_hal_tim.o(i.HAL_TIM_IRQHandler)
    i.HAL_TIM_OC_DelayElapsedCallback        0x08001934   Section        0  stm32l4xx_hal_tim.o(i.HAL_TIM_OC_DelayElapsedCallback)
    i.HAL_TIM_PWM_PulseFinishedCallback      0x08001936   Section        0  stm32l4xx_hal_tim.o(i.HAL_TIM_PWM_PulseFinishedCallback)
    i.HAL_TIM_PeriodElapsedCallback          0x08001938   Section        0  stm32l4xx_hal_timebase_tim_template.o(i.HAL_TIM_PeriodElapsedCallback)
    i.HAL_TIM_TriggerCallback                0x0800193c   Section        0  stm32l4xx_hal_tim.o(i.HAL_TIM_TriggerCallback)
    i.HardFault_Handler                      0x0800193e   Section        0  stm32l4xx_it_1.o(i.HardFault_Handler)
    i.LED_GPIO_Init                          0x08001940   Section        0  main.o(i.LED_GPIO_Init)
    i.MemManage_Handler                      0x08001978   Section        0  stm32l4xx_it_1.o(i.MemManage_Handler)
    i.NMI_Handler                            0x0800197a   Section        0  stm32l4xx_it_1.o(i.NMI_Handler)
    i.NVIC_SetPriority                       0x0800197c   Section        0  stm32l4xx_hal_cortex.o(i.NVIC_SetPriority)
    NVIC_SetPriority                         0x0800197d   Thumb Code    32  stm32l4xx_hal_cortex.o(i.NVIC_SetPriority)
    i.PendSV_Handler                         0x0800199c   Section        0  stm32l4xx_it_1.o(i.PendSV_Handler)
    i.RCCEx_PLLSAI1_Config                   0x080019a0   Section        0  stm32l4xx_hal_rcc_ex.o(i.RCCEx_PLLSAI1_Config)
    RCCEx_PLLSAI1_Config                     0x080019a1   Thumb Code   342  stm32l4xx_hal_rcc_ex.o(i.RCCEx_PLLSAI1_Config)
    i.RCCEx_PLLSAI2_Config                   0x08001b08   Section        0  stm32l4xx_hal_rcc_ex.o(i.RCCEx_PLLSAI2_Config)
    RCCEx_PLLSAI2_Config                     0x08001b09   Thumb Code   302  stm32l4xx_hal_rcc_ex.o(i.RCCEx_PLLSAI2_Config)
    i.RCC_SetFlashLatencyFromMSIRange        0x08001c44   Section        0  stm32l4xx_hal_rcc.o(i.RCC_SetFlashLatencyFromMSIRange)
    RCC_SetFlashLatencyFromMSIRange          0x08001c45   Thumb Code   116  stm32l4xx_hal_rcc.o(i.RCC_SetFlashLatencyFromMSIRange)
    i.SVC_Handler                            0x08001cc0   Section        0  stm32l4xx_it_1.o(i.SVC_Handler)
    i.SysTick_Handler                        0x08001cc2   Section        0  stm32l4xx_it_1.o(i.SysTick_Handler)
    i.SystemClock_Config                     0x08001cc6   Section        0  main.o(i.SystemClock_Config)
    i.SystemInit                             0x08001d38   Section        0  system_stm32l4xx.o(i.SystemInit)
    i.TIM6_DAC_IRQHandler                    0x08001d7c   Section        0  stm32l4xx_hal_timebase_tim_template.o(i.TIM6_DAC_IRQHandler)
    i.TIM_Base_SetConfig                     0x08001d88   Section        0  stm32l4xx_hal_tim.o(i.TIM_Base_SetConfig)
    i.UsageFault_Handler                     0x08001e40   Section        0  stm32l4xx_it_1.o(i.UsageFault_Handler)
    i.__scatterload_copy                     0x08001e42   Section       14  handlers.o(i.__scatterload_copy)
    i.__scatterload_null                     0x08001e50   Section        2  handlers.o(i.__scatterload_null)
    i.__scatterload_zeroinit                 0x08001e52   Section       14  handlers.o(i.__scatterload_zeroinit)
    i.aHAL_DFSDM_ChannelMspInit              0x08001e60   Section        0  main.o(i.aHAL_DFSDM_ChannelMspInit)
    i.aHAL_DFSDM_FilterMspInit               0x08001ee0   Section        0  main.o(i.aHAL_DFSDM_FilterMspInit)
    i.aToggle_LED                            0x08001f64   Section        0  main.o(i.aToggle_LED)
    i.main                                   0x08001f70   Section        0  main.o(i.main)
    .constdata                               0x08001fbc   Section       64  system_stm32l4xx.o(.constdata)
    .constdata                               0x08001ffc   Section        8  system_stm32l4xx.o(.constdata)
    .data                                    0x20000000   Section       12  main.o(.data)
    .data                                    0x2000000c   Section        4  system_stm32l4xx.o(.data)
    .data                                    0x20000010   Section        4  stm32l4xx_hal.o(.data)
    .data                                    0x20000014   Section        4  stm32l4xx_hal_dfsdm.o(.data)
    .bss                                     0x20000018   Section      492  main.o(.bss)
    .bss                                     0x20000204   Section       32  stm32l4xx_hal_dfsdm.o(.bss)
    .bss                                     0x20000224   Section       60  stm32l4xx_hal_timebase_tim_template.o(.bss)
    STACK                                    0x20000260   Section     1024  startup_stm32l476xx.o(STACK)

    Global Symbols

    Symbol Name                              Value     Ov Type        Size  Object(Section)

    BuildAttributes$$THM_ISAv4$E$P$D$K$B$S$7EM$VFPi3$EXTD16$VFPS$VFMA$PE$A:L22UL41UL21$X:L11$S22US41US21$IEEE1$IW$USESV6$~STKCKD$USESV7$~SHL$OSPACE$EBA8$MICROLIB$REQ8$PRES8$EABIv2 0x00000000   Number         0  anon$$obj.o ABSOLUTE
    __ARM_use_no_argv                        0x00000000   Number         0  main.o ABSOLUTE
    __cpp_initialize__aeabi_                  - Undefined Weak Reference
    __cxa_finalize                            - Undefined Weak Reference
    __decompress                              - Undefined Weak Reference
    _clock_init                               - Undefined Weak Reference
    _microlib_exit                            - Undefined Weak Reference
    __Vectors_Size                           0x00000188   Number         0  startup_stm32l476xx.o ABSOLUTE
    __Vectors                                0x08000000   Data           4  startup_stm32l476xx.o(RESET)
    __Vectors_End                            0x08000188   Data           0  startup_stm32l476xx.o(RESET)
    __main                                   0x08000189   Thumb Code     0  entry.o(.ARM.Collect$$$$00000000)
    _main_stk                                0x08000189   Thumb Code     0  entry2.o(.ARM.Collect$$$$00000001)
    _main_scatterload                        0x0800018d   Thumb Code     0  entry5.o(.ARM.Collect$$$$00000004)
    __main_after_scatterload                 0x08000191   Thumb Code     0  entry5.o(.ARM.Collect$$$$00000004)
    _main_clock                              0x08000191   Thumb Code     0  entry7b.o(.ARM.Collect$$$$00000008)
    _main_cpp_init                           0x08000191   Thumb Code     0  entry8b.o(.ARM.Collect$$$$0000000A)
    _main_init                               0x08000191   Thumb Code     0  entry9a.o(.ARM.Collect$$$$0000000B)
    __rt_final_cpp                           0x08000199   Thumb Code     0  entry10a.o(.ARM.Collect$$$$0000000D)
    __rt_final_exit                          0x08000199   Thumb Code     0  entry11a.o(.ARM.Collect$$$$0000000F)
    Reset_Handler                            0x0800019d   Thumb Code     8  startup_stm32l476xx.o(.text)
    ADC1_2_IRQHandler                        0x080001b7   Thumb Code     0  startup_stm32l476xx.o(.text)
    ADC3_IRQHandler                          0x080001b7   Thumb Code     0  startup_stm32l476xx.o(.text)
    CAN1_RX0_IRQHandler                      0x080001b7   Thumb Code     0  startup_stm32l476xx.o(.text)
    CAN1_RX1_IRQHandler                      0x080001b7   Thumb Code     0  startup_stm32l476xx.o(.text)
    CAN1_SCE_IRQHandler                      0x080001b7   Thumb Code     0  startup_stm32l476xx.o(.text)
    CAN1_TX_IRQHandler                       0x080001b7   Thumb Code     0  startup_stm32l476xx.o(.text)
    COMP_IRQHandler                          0x080001b7   Thumb Code     0  startup_stm32l476xx.o(.text)
    DFSDM1_FLT0_IRQHandler                   0x080001b7   Thumb Code     0  startup_stm32l476xx.o(.text)
    DFSDM1_FLT1_IRQHandler                   0x080001b7   Thumb Code     0  startup_stm32l476xx.o(.text)
    DFSDM1_FLT2_IRQHandler                   0x080001b7   Thumb Code     0  startup_stm32l476xx.o(.text)
    DFSDM1_FLT3_IRQHandler                   0x080001b7   Thumb Code     0  startup_stm32l476xx.o(.text)
    DMA1_Channel1_IRQHandler                 0x080001b7   Thumb Code     0  startup_stm32l476xx.o(.text)
    DMA1_Channel2_IRQHandler                 0x080001b7   Thumb Code     0  startup_stm32l476xx.o(.text)
    DMA1_Channel3_IRQHandler                 0x080001b7   Thumb Code     0  startup_stm32l476xx.o(.text)
    DMA1_Channel5_IRQHandler                 0x080001b7   Thumb Code     0  startup_stm32l476xx.o(.text)
    DMA1_Channel6_IRQHandler                 0x080001b7   Thumb Code     0  startup_stm32l476xx.o(.text)
    DMA1_Channel7_IRQHandler                 0x080001b7   Thumb Code     0  startup_stm32l476xx.o(.text)
    DMA2_Channel2_IRQHandler                 0x080001b7   Thumb Code     0  startup_stm32l476xx.o(.text)
    DMA2_Channel3_IRQHandler                 0x080001b7   Thumb Code     0  startup_stm32l476xx.o(.text)
    DMA2_Channel4_IRQHandler                 0x080001b7   Thumb Code     0  startup_stm32l476xx.o(.text)
    DMA2_Channel5_IRQHandler                 0x080001b7   Thumb Code     0  startup_stm32l476xx.o(.text)
    DMA2_Channel6_IRQHandler                 0x080001b7   Thumb Code     0  startup_stm32l476xx.o(.text)
    DMA2_Channel7_IRQHandler                 0x080001b7   Thumb Code     0  startup_stm32l476xx.o(.text)
    EXTI0_IRQHandler                         0x080001b7   Thumb Code     0  startup_stm32l476xx.o(.text)
    EXTI15_10_IRQHandler                     0x080001b7   Thumb Code     0  startup_stm32l476xx.o(.text)
    EXTI1_IRQHandler                         0x080001b7   Thumb Code     0  startup_stm32l476xx.o(.text)
    EXTI2_IRQHandler                         0x080001b7   Thumb Code     0  startup_stm32l476xx.o(.text)
    EXTI3_IRQHandler                         0x080001b7   Thumb Code     0  startup_stm32l476xx.o(.text)
    EXTI4_IRQHandler                         0x080001b7   Thumb Code     0  startup_stm32l476xx.o(.text)
    EXTI9_5_IRQHandler                       0x080001b7   Thumb Code     0  startup_stm32l476xx.o(.text)
    FLASH_IRQHandler                         0x080001b7   Thumb Code     0  startup_stm32l476xx.o(.text)
    FMC_IRQHandler                           0x080001b7   Thumb Code     0  startup_stm32l476xx.o(.text)
    FPU_IRQHandler                           0x080001b7   Thumb Code     0  startup_stm32l476xx.o(.text)
    I2C1_ER_IRQHandler                       0x080001b7   Thumb Code     0  startup_stm32l476xx.o(.text)
    I2C1_EV_IRQHandler                       0x080001b7   Thumb Code     0  startup_stm32l476xx.o(.text)
    I2C2_ER_IRQHandler                       0x080001b7   Thumb Code     0  startup_stm32l476xx.o(.text)
    I2C2_EV_IRQHandler                       0x080001b7   Thumb Code     0  startup_stm32l476xx.o(.text)
    I2C3_ER_IRQHandler                       0x080001b7   Thumb Code     0  startup_stm32l476xx.o(.text)
    I2C3_EV_IRQHandler                       0x080001b7   Thumb Code     0  startup_stm32l476xx.o(.text)
    LCD_IRQHandler                           0x080001b7   Thumb Code     0  startup_stm32l476xx.o(.text)
    LPTIM1_IRQHandler                        0x080001b7   Thumb Code     0  startup_stm32l476xx.o(.text)
    LPTIM2_IRQHandler                        0x080001b7   Thumb Code     0  startup_stm32l476xx.o(.text)
    LPUART1_IRQHandler                       0x080001b7   Thumb Code     0  startup_stm32l476xx.o(.text)
    OTG_FS_IRQHandler                        0x080001b7   Thumb Code     0  startup_stm32l476xx.o(.text)
    PVD_PVM_IRQHandler                       0x080001b7   Thumb Code     0  startup_stm32l476xx.o(.text)
    QUADSPI_IRQHandler                       0x080001b7   Thumb Code     0  startup_stm32l476xx.o(.text)
    RCC_IRQHandler                           0x080001b7   Thumb Code     0  startup_stm32l476xx.o(.text)
    RNG_IRQHandler                           0x080001b7   Thumb Code     0  startup_stm32l476xx.o(.text)
    RTC_Alarm_IRQHandler                     0x080001b7   Thumb Code     0  startup_stm32l476xx.o(.text)
    RTC_WKUP_IRQHandler                      0x080001b7   Thumb Code     0  startup_stm32l476xx.o(.text)
    SAI1_IRQHandler                          0x080001b7   Thumb Code     0  startup_stm32l476xx.o(.text)
    SAI2_IRQHandler                          0x080001b7   Thumb Code     0  startup_stm32l476xx.o(.text)
    SDMMC1_IRQHandler                        0x080001b7   Thumb Code     0  startup_stm32l476xx.o(.text)
    SPI1_IRQHandler                          0x080001b7   Thumb Code     0  startup_stm32l476xx.o(.text)
    SPI2_IRQHandler                          0x080001b7   Thumb Code     0  startup_stm32l476xx.o(.text)
    SPI3_IRQHandler                          0x080001b7   Thumb Code     0  startup_stm32l476xx.o(.text)
    SWPMI1_IRQHandler                        0x080001b7   Thumb Code     0  startup_stm32l476xx.o(.text)
    TAMP_STAMP_IRQHandler                    0x080001b7   Thumb Code     0  startup_stm32l476xx.o(.text)
    TIM1_BRK_TIM15_IRQHandler                0x080001b7   Thumb Code     0  startup_stm32l476xx.o(.text)
    TIM1_CC_IRQHandler                       0x080001b7   Thumb Code     0  startup_stm32l476xx.o(.text)
    TIM1_TRG_COM_TIM17_IRQHandler            0x080001b7   Thumb Code     0  startup_stm32l476xx.o(.text)
    TIM1_UP_TIM16_IRQHandler                 0x080001b7   Thumb Code     0  startup_stm32l476xx.o(.text)
    TIM2_IRQHandler                          0x080001b7   Thumb Code     0  startup_stm32l476xx.o(.text)
    TIM3_IRQHandler                          0x080001b7   Thumb Code     0  startup_stm32l476xx.o(.text)
    TIM4_IRQHandler                          0x080001b7   Thumb Code     0  startup_stm32l476xx.o(.text)
    TIM5_IRQHandler                          0x080001b7   Thumb Code     0  startup_stm32l476xx.o(.text)
    TIM7_IRQHandler                          0x080001b7   Thumb Code     0  startup_stm32l476xx.o(.text)
    TIM8_BRK_IRQHandler                      0x080001b7   Thumb Code     0  startup_stm32l476xx.o(.text)
    TIM8_CC_IRQHandler                       0x080001b7   Thumb Code     0  startup_stm32l476xx.o(.text)
    TIM8_TRG_COM_IRQHandler                  0x080001b7   Thumb Code     0  startup_stm32l476xx.o(.text)
    TIM8_UP_IRQHandler                       0x080001b7   Thumb Code     0  startup_stm32l476xx.o(.text)
    TSC_IRQHandler                           0x080001b7   Thumb Code     0  startup_stm32l476xx.o(.text)
    UART4_IRQHandler                         0x080001b7   Thumb Code     0  startup_stm32l476xx.o(.text)
    UART5_IRQHandler                         0x080001b7   Thumb Code     0  startup_stm32l476xx.o(.text)
    USART1_IRQHandler                        0x080001b7   Thumb Code     0  startup_stm32l476xx.o(.text)
    USART2_IRQHandler                        0x080001b7   Thumb Code     0  startup_stm32l476xx.o(.text)
    USART3_IRQHandler                        0x080001b7   Thumb Code     0  startup_stm32l476xx.o(.text)
    WWDG_IRQHandler                          0x080001b7   Thumb Code     0  startup_stm32l476xx.o(.text)
    __scatterload                            0x080001c1   Thumb Code    28  init.o(.text)
    __scatterload_rt2                        0x080001c1   Thumb Code     0  init.o(.text)
    BusFault_Handler                         0x080001e5   Thumb Code     2  stm32l4xx_it_1.o(i.BusFault_Handler)
    DMA1_Channel4_IRQHandler                 0x080003b1   Thumb Code     6  stm32l4xx_it_1.o(i.DMA1_Channel4_IRQHandler)
    DMA2_Channel1_IRQHandler                 0x080003bd   Thumb Code     2  stm32l4xx_it_1.o(i.DMA2_Channel1_IRQHandler)
    DebugMon_Handler                         0x080003e9   Thumb Code     2  stm32l4xx_it_1.o(i.DebugMon_Handler)
    Error_Handler                            0x080003eb   Thumb Code    16  main.o(i.Error_Handler)
    HAL_DFSDM_ChannelGetState                0x080003fb   Thumb Code     6  stm32l4xx_hal_dfsdm.o(i.HAL_DFSDM_ChannelGetState)
    HAL_DFSDM_ChannelInit                    0x08000401   Thumb Code   280  stm32l4xx_hal_dfsdm.o(i.HAL_DFSDM_ChannelInit)
    HAL_DFSDM_ChannelMspInit                 0x08000525   Thumb Code     2  stm32l4xx_hal_dfsdm.o(i.HAL_DFSDM_ChannelMspInit)
    HAL_DFSDM_FilterConfigRegChannel         0x08000529   Thumb Code    66  stm32l4xx_hal_dfsdm.o(i.HAL_DFSDM_FilterConfigRegChannel)
    HAL_DFSDM_FilterErrorCallback            0x08000571   Thumb Code     2  stm32l4xx_hal_dfsdm.o(i.HAL_DFSDM_FilterErrorCallback)
    HAL_DFSDM_FilterGetState                 0x08000573   Thumb Code     6  stm32l4xx_hal_dfsdm.o(i.HAL_DFSDM_FilterGetState)
    HAL_DFSDM_FilterInit                     0x08000579   Thumb Code   256  stm32l4xx_hal_dfsdm.o(i.HAL_DFSDM_FilterInit)
    HAL_DFSDM_FilterMspInit                  0x08000685   Thumb Code     2  stm32l4xx_hal_dfsdm.o(i.HAL_DFSDM_FilterMspInit)
    HAL_DFSDM_FilterRegConvCpltCallback      0x08000689   Thumb Code     8  main.o(i.HAL_DFSDM_FilterRegConvCpltCallback)
    HAL_DFSDM_FilterRegConvHalfCpltCallback  0x08000695   Thumb Code     8  main.o(i.HAL_DFSDM_FilterRegConvHalfCpltCallback)
    HAL_DFSDM_FilterRegularStart_DMA         0x080006a1   Thumb Code   124  stm32l4xx_hal_dfsdm.o(i.HAL_DFSDM_FilterRegularStart_DMA)
    HAL_DMA_IRQHandler                       0x08000729   Thumb Code   168  stm32l4xx_hal_dma.o(i.HAL_DMA_IRQHandler)
    HAL_DMA_Init                             0x080007d1   Thumb Code   178  stm32l4xx_hal_dma.o(i.HAL_DMA_Init)
    HAL_DMA_Start_IT                         0x08000891   Thumb Code   112  stm32l4xx_hal_dma.o(i.HAL_DMA_Start_IT)
    HAL_Delay                                0x08000901   Thumb Code    24  stm32l4xx_hal.o(i.HAL_Delay)
    HAL_GPIO_Init                            0x08000919   Thumb Code   414  stm32l4xx_hal_gpio.o(i.HAL_GPIO_Init)
    HAL_GPIO_TogglePin                       0x08000add   Thumb Code     8  stm32l4xx_hal_gpio.o(i.HAL_GPIO_TogglePin)
    HAL_GetTick                              0x08000ae5   Thumb Code     6  stm32l4xx_hal.o(i.HAL_GetTick)
    HAL_IncTick                              0x08000af1   Thumb Code    10  stm32l4xx_hal.o(i.HAL_IncTick)
    HAL_Init                                 0x08000b01   Thumb Code    32  stm32l4xx_hal.o(i.HAL_Init)
    HAL_InitTick                             0x08000b25   Thumb Code   110  stm32l4xx_hal_timebase_tim_template.o(i.HAL_InitTick)
    HAL_MspInit                              0x08000ba5   Thumb Code     2  stm32l4xx_hal_msp_template.o(i.HAL_MspInit)
    HAL_NVIC_EnableIRQ                       0x08000ba7   Thumb Code    22  stm32l4xx_hal_cortex.o(i.HAL_NVIC_EnableIRQ)
    HAL_NVIC_SetPriority                     0x08000bbd   Thumb Code    60  stm32l4xx_hal_cortex.o(i.HAL_NVIC_SetPriority)
    HAL_NVIC_SetPriorityGrouping             0x08000bfd   Thumb Code    26  stm32l4xx_hal_cortex.o(i.HAL_NVIC_SetPriorityGrouping)
    HAL_PWREx_GetVoltageRange                0x08000c21   Thumb Code    10  stm32l4xx_hal_pwr_ex.o(i.HAL_PWREx_GetVoltageRange)
    HAL_RCCEx_DisableLSECSS                  0x08000c31   Thumb Code    24  stm32l4xx_hal_rcc_ex.o(i.HAL_RCCEx_DisableLSECSS)
    HAL_RCCEx_EnableMSIPLLMode               0x08000c4d   Thumb Code    12  stm32l4xx_hal_rcc_ex.o(i.HAL_RCCEx_EnableMSIPLLMode)
    HAL_RCCEx_PeriphCLKConfig                0x08000c5d   Thumb Code   928  stm32l4xx_hal_rcc_ex.o(i.HAL_RCCEx_PeriphCLKConfig)
    HAL_RCC_ClockConfig                      0x08001005   Thumb Code   368  stm32l4xx_hal_rcc.o(i.HAL_RCC_ClockConfig)
    HAL_RCC_GetClockConfig                   0x08001185   Thumb Code    54  stm32l4xx_hal_rcc.o(i.HAL_RCC_GetClockConfig)
    HAL_RCC_GetPCLK1Freq                     0x080011c5   Thumb Code    34  stm32l4xx_hal_rcc.o(i.HAL_RCC_GetPCLK1Freq)
    HAL_RCC_GetSysClockFreq                  0x080011f5   Thumb Code   238  stm32l4xx_hal_rcc.o(i.HAL_RCC_GetSysClockFreq)
    HAL_RCC_OscConfig                        0x080012f1   Thumb Code  1156  stm32l4xx_hal_rcc.o(i.HAL_RCC_OscConfig)
    HAL_TIMEx_BreakCallback                  0x08001779   Thumb Code     2  stm32l4xx_hal_tim_ex.o(i.HAL_TIMEx_BreakCallback)
    HAL_TIMEx_CommutationCallback            0x0800177b   Thumb Code     2  stm32l4xx_hal_tim_ex.o(i.HAL_TIMEx_CommutationCallback)
    HAL_TIM_Base_Init                        0x0800177d   Thumb Code    54  stm32l4xx_hal_tim.o(i.HAL_TIM_Base_Init)
    HAL_TIM_Base_MspInit                     0x080017b3   Thumb Code     2  stm32l4xx_hal_tim.o(i.HAL_TIM_Base_MspInit)
    HAL_TIM_Base_Start_IT                    0x080017b5   Thumb Code    24  stm32l4xx_hal_tim.o(i.HAL_TIM_Base_Start_IT)
    HAL_TIM_IC_CaptureCallback               0x080017cd   Thumb Code     2  stm32l4xx_hal_tim.o(i.HAL_TIM_IC_CaptureCallback)
    HAL_TIM_IRQHandler                       0x080017cf   Thumb Code   358  stm32l4xx_hal_tim.o(i.HAL_TIM_IRQHandler)
    HAL_TIM_OC_DelayElapsedCallback          0x08001935   Thumb Code     2  stm32l4xx_hal_tim.o(i.HAL_TIM_OC_DelayElapsedCallback)
    HAL_TIM_PWM_PulseFinishedCallback        0x08001937   Thumb Code     2  stm32l4xx_hal_tim.o(i.HAL_TIM_PWM_PulseFinishedCallback)
    HAL_TIM_PeriodElapsedCallback            0x08001939   Thumb Code     4  stm32l4xx_hal_timebase_tim_template.o(i.HAL_TIM_PeriodElapsedCallback)
    HAL_TIM_TriggerCallback                  0x0800193d   Thumb Code     2  stm32l4xx_hal_tim.o(i.HAL_TIM_TriggerCallback)
    HardFault_Handler                        0x0800193f   Thumb Code     2  stm32l4xx_it_1.o(i.HardFault_Handler)
    LED_GPIO_Init                            0x08001941   Thumb Code    52  main.o(i.LED_GPIO_Init)
    MemManage_Handler                        0x08001979   Thumb Code     2  stm32l4xx_it_1.o(i.MemManage_Handler)
    NMI_Handler                              0x0800197b   Thumb Code     2  stm32l4xx_it_1.o(i.NMI_Handler)
    PendSV_Handler                           0x0800199d   Thumb Code     2  stm32l4xx_it_1.o(i.PendSV_Handler)
    SVC_Handler                              0x08001cc1   Thumb Code     2  stm32l4xx_it_1.o(i.SVC_Handler)
    SysTick_Handler                          0x08001cc3   Thumb Code     4  stm32l4xx_it_1.o(i.SysTick_Handler)
    SystemClock_Config                       0x08001cc7   Thumb Code   112  main.o(i.SystemClock_Config)
    SystemInit                               0x08001d39   Thumb Code    56  system_stm32l4xx.o(i.SystemInit)
    TIM6_DAC_IRQHandler                      0x08001d7d   Thumb Code     6  stm32l4xx_hal_timebase_tim_template.o(i.TIM6_DAC_IRQHandler)
    TIM_Base_SetConfig                       0x08001d89   Thumb Code   152  stm32l4xx_hal_tim.o(i.TIM_Base_SetConfig)
    UsageFault_Handler                       0x08001e41   Thumb Code     2  stm32l4xx_it_1.o(i.UsageFault_Handler)
    __scatterload_copy                       0x08001e43   Thumb Code    14  handlers.o(i.__scatterload_copy)
    __scatterload_null                       0x08001e51   Thumb Code     2  handlers.o(i.__scatterload_null)
    __scatterload_zeroinit                   0x08001e53   Thumb Code    14  handlers.o(i.__scatterload_zeroinit)
    aHAL_DFSDM_ChannelMspInit                0x08001e61   Thumb Code   116  main.o(i.aHAL_DFSDM_ChannelMspInit)
    aHAL_DFSDM_FilterMspInit                 0x08001ee1   Thumb Code   114  main.o(i.aHAL_DFSDM_FilterMspInit)
    aToggle_LED                              0x08001f65   Thumb Code    10  main.o(i.aToggle_LED)
    main                                     0x08001f71   Thumb Code    68  main.o(i.main)
    AHBPrescTable                            0x08001fbc   Data          16  system_stm32l4xx.o(.constdata)
    MSIRangeTable                            0x08001fcc   Data          48  system_stm32l4xx.o(.constdata)
    APBPrescTable                            0x08001ffc   Data           8  system_stm32l4xx.o(.constdata)
    Region$$Table$$Base                      0x08002004   Number         0  anon$$obj.o(Region$$Table)
    Region$$Table$$Limit                     0x08002024   Number         0  anon$$obj.o(Region$$Table)
    x                                        0x20000000   Data           2  main.o(.data)
    DmaRecHalfBuffCplt                       0x20000004   Data           4  main.o(.data)
    DmaRecBuffCplt                           0x20000008   Data           4  main.o(.data)
    SystemCoreClock                          0x2000000c   Data           4  system_stm32l4xx.o(.data)
    uwTick                                   0x20000010   Data           4  stm32l4xx_hal.o(.data)
    v_dfsdm1ChannelCounter                   0x20000014   Data           4  stm32l4xx_hal_dfsdm.o(.data)
    DfsdmChannelHandle                       0x20000018   Data          56  main.o(.bss)
    DfsdmFilterHandle                        0x20000050   Data          84  main.o(.bss)
    hdma_dfsdmReg_FLT                        0x200000a4   Data         288  main.o(.bss)
    RecBuff                                  0x200001c4   Data          64  main.o(.bss)
    a_dfsdm1ChannelHandle                    0x20000204   Data          32  stm32l4xx_hal_dfsdm.o(.bss)
    TimHandle                                0x20000224   Data          60  stm32l4xx_hal_timebase_tim_template.o(.bss)
    __initial_sp                             0x20000660   Data           0  startup_stm32l476xx.o(STACK)



==============================================================================

Memory Map of the image

  Image Entry point : 0x08000189

  Load Region LR_IROM1 (Base: 0x08000000, Size: 0x0000203c, Max: 0x00100000, ABSOLUTE)

    Execution Region ER_IROM1 (Base: 0x08000000, Size: 0x00002024, Max: 0x00100000, ABSOLUTE)

    Base Addr    Size         Type   Attr      Idx    E Section Name        Object

    0x08000000   0x00000188   Data   RO          409    RESET               startup_stm32l476xx.o
    0x08000188   0x00000000   Code   RO         9937  * .ARM.Collect$$$$00000000  mc_w.l(entry.o)
    0x08000188   0x00000004   Code   RO         9948    .ARM.Collect$$$$00000001  mc_w.l(entry2.o)
    0x0800018c   0x00000004   Code   RO         9951    .ARM.Collect$$$$00000004  mc_w.l(entry5.o)
    0x08000190   0x00000000   Code   RO         9953    .ARM.Collect$$$$00000008  mc_w.l(entry7b.o)
    0x08000190   0x00000000   Code   RO         9955    .ARM.Collect$$$$0000000A  mc_w.l(entry8b.o)
    0x08000190   0x00000008   Code   RO         9956    .ARM.Collect$$$$0000000B  mc_w.l(entry9a.o)
    0x08000198   0x00000000   Code   RO         9958    .ARM.Collect$$$$0000000D  mc_w.l(entry10a.o)
    0x08000198   0x00000000   Code   RO         9960    .ARM.Collect$$$$0000000F  mc_w.l(entry11a.o)
    0x08000198   0x00000004   Code   RO         9949    .ARM.Collect$$$$00002712  mc_w.l(entry2.o)
    0x0800019c   0x00000024   Code   RO          410    .text               startup_stm32l476xx.o
    0x080001c0   0x00000024   Code   RO         9966    .text               mc_w.l(init.o)
    0x080001e4   0x00000002   Code   RO            4    i.BusFault_Handler  stm32l4xx_it_1.o
    0x080001e6   0x0000000e   Code   RO         1733    i.DFSDM_DMAError    stm32l4xx_hal_dfsdm.o
    0x080001f4   0x0000000a   Code   RO         1736    i.DFSDM_DMARegularConvCplt  stm32l4xx_hal_dfsdm.o
    0x080001fe   0x0000000a   Code   RO         1737    i.DFSDM_DMARegularHalfConvCplt  stm32l4xx_hal_dfsdm.o
    0x08000208   0x00000068   Code   RO         1738    i.DFSDM_GetChannelFromInstance  stm32l4xx_hal_dfsdm.o
    0x08000270   0x000000d4   Code   RO          323    i.DFSDM_Init        main.o
    0x08000344   0x0000006a   Code   RO         1741    i.DFSDM_RegConvStart  stm32l4xx_hal_dfsdm.o
    0x080003ae   0x00000002   PAD
    0x080003b0   0x0000000c   Code   RO            5    i.DMA1_Channel4_IRQHandler  stm32l4xx_it_1.o
    0x080003bc   0x00000002   Code   RO            6    i.DMA2_Channel1_IRQHandler  stm32l4xx_it_1.o
    0x080003be   0x0000002a   Code   RO         2159    i.DMA_SetConfig     stm32l4xx_hal_dma.o
    0x080003e8   0x00000002   Code   RO            7    i.DebugMon_Handler  stm32l4xx_it_1.o
    0x080003ea   0x00000010   Code   RO          324    i.Error_Handler     main.o
    0x080003fa   0x00000006   Code   RO         1750    i.HAL_DFSDM_ChannelGetState  stm32l4xx_hal_dfsdm.o
    0x08000400   0x00000124   Code   RO         1751    i.HAL_DFSDM_ChannelInit  stm32l4xx_hal_dfsdm.o
    0x08000524   0x00000002   Code   RO         1754    i.HAL_DFSDM_ChannelMspInit  stm32l4xx_hal_dfsdm.o
    0x08000526   0x00000002   PAD
    0x08000528   0x00000048   Code   RO         1766    i.HAL_DFSDM_FilterConfigRegChannel  stm32l4xx_hal_dfsdm.o
    0x08000570   0x00000002   Code   RO         1768    i.HAL_DFSDM_FilterErrorCallback  stm32l4xx_hal_dfsdm.o
    0x08000572   0x00000006   Code   RO         1777    i.HAL_DFSDM_FilterGetState  stm32l4xx_hal_dfsdm.o
    0x08000578   0x0000010c   Code   RO         1778    i.HAL_DFSDM_FilterInit  stm32l4xx_hal_dfsdm.o
    0x08000684   0x00000002   Code   RO         1789    i.HAL_DFSDM_FilterMspInit  stm32l4xx_hal_dfsdm.o
    0x08000686   0x00000002   PAD
    0x08000688   0x0000000c   Code   RO          325    i.HAL_DFSDM_FilterRegConvCpltCallback  main.o
    0x08000694   0x0000000c   Code   RO          326    i.HAL_DFSDM_FilterRegConvHalfCpltCallback  main.o
    0x080006a0   0x00000088   Code   RO         1796    i.HAL_DFSDM_FilterRegularStart_DMA  stm32l4xx_hal_dfsdm.o
    0x08000728   0x000000a8   Code   RO         2165    i.HAL_DMA_IRQHandler  stm32l4xx_hal_dma.o
    0x080007d0   0x000000c0   Code   RO         2166    i.HAL_DMA_Init      stm32l4xx_hal_dma.o
    0x08000890   0x00000070   Code   RO         2170    i.HAL_DMA_Start_IT  stm32l4xx_hal_dma.o
    0x08000900   0x00000018   Code   RO          462    i.HAL_Delay         stm32l4xx_hal.o
    0x08000918   0x000001c4   Code   RO         2523    i.HAL_GPIO_Init     stm32l4xx_hal_gpio.o
    0x08000adc   0x00000008   Code   RO         2526    i.HAL_GPIO_TogglePin  stm32l4xx_hal_gpio.o
    0x08000ae4   0x0000000c   Code   RO          466    i.HAL_GetTick       stm32l4xx_hal.o
    0x08000af0   0x00000010   Code   RO          467    i.HAL_IncTick       stm32l4xx_hal.o
    0x08000b00   0x00000024   Code   RO          468    i.HAL_Init          stm32l4xx_hal.o
    0x08000b24   0x00000080   Code   RO         8432    i.HAL_InitTick      stm32l4xx_hal_timebase_tim_template.o
    0x08000ba4   0x00000002   Code   RO         3872    i.HAL_MspInit       stm32l4xx_hal_msp_template.o
    0x08000ba6   0x00000016   Code   RO         1228    i.HAL_NVIC_EnableIRQ  stm32l4xx_hal_cortex.o
    0x08000bbc   0x00000040   Code   RO         1234    i.HAL_NVIC_SetPriority  stm32l4xx_hal_cortex.o
    0x08000bfc   0x00000024   Code   RO         1235    i.HAL_NVIC_SetPriorityGrouping  stm32l4xx_hal_cortex.o
    0x08000c20   0x00000010   Code   RO         4719    i.HAL_PWREx_GetVoltageRange  stm32l4xx_hal_pwr_ex.o
    0x08000c30   0x0000001c   Code   RO         5291    i.HAL_RCCEx_DisableLSECSS  stm32l4xx_hal_rcc_ex.o
    0x08000c4c   0x00000010   Code   RO         5298    i.HAL_RCCEx_EnableMSIPLLMode  stm32l4xx_hal_rcc_ex.o
    0x08000c5c   0x000003a8   Code   RO         5305    i.HAL_RCCEx_PeriphCLKConfig  stm32l4xx_hal_rcc_ex.o
    0x08001004   0x00000180   Code   RO         5190    i.HAL_RCC_ClockConfig  stm32l4xx_hal_rcc.o
    0x08001184   0x00000040   Code   RO         5193    i.HAL_RCC_GetClockConfig  stm32l4xx_hal_rcc.o
    0x080011c4   0x00000030   Code   RO         5196    i.HAL_RCC_GetPCLK1Freq  stm32l4xx_hal_rcc.o
    0x080011f4   0x000000fc   Code   RO         5198    i.HAL_RCC_GetSysClockFreq  stm32l4xx_hal_rcc.o
    0x080012f0   0x00000488   Code   RO         5201    i.HAL_RCC_OscConfig  stm32l4xx_hal_rcc.o
    0x08001778   0x00000002   Code   RO         8181    i.HAL_TIMEx_BreakCallback  stm32l4xx_hal_tim_ex.o
    0x0800177a   0x00000002   Code   RO         8182    i.HAL_TIMEx_CommutationCallback  stm32l4xx_hal_tim_ex.o
    0x0800177c   0x00000036   Code   RO         7542    i.HAL_TIM_Base_Init  stm32l4xx_hal_tim.o
    0x080017b2   0x00000002   Code   RO         7544    i.HAL_TIM_Base_MspInit  stm32l4xx_hal_tim.o
    0x080017b4   0x00000018   Code   RO         7547    i.HAL_TIM_Base_Start_IT  stm32l4xx_hal_tim.o
    0x080017cc   0x00000002   Code   RO         7571    i.HAL_TIM_IC_CaptureCallback  stm32l4xx_hal_tim.o
    0x080017ce   0x00000166   Code   RO         7584    i.HAL_TIM_IRQHandler  stm32l4xx_hal_tim.o
    0x08001934   0x00000002   Code   RO         7587    i.HAL_TIM_OC_DelayElapsedCallback  stm32l4xx_hal_tim.o
    0x08001936   0x00000002   Code   RO         7614    i.HAL_TIM_PWM_PulseFinishedCallback  stm32l4xx_hal_tim.o
    0x08001938   0x00000004   Code   RO         8435    i.HAL_TIM_PeriodElapsedCallback  stm32l4xx_hal_timebase_tim_template.o
    0x0800193c   0x00000002   Code   RO         7625    i.HAL_TIM_TriggerCallback  stm32l4xx_hal_tim.o
    0x0800193e   0x00000002   Code   RO            8    i.HardFault_Handler  stm32l4xx_it_1.o
    0x08001940   0x00000038   Code   RO          328    i.LED_GPIO_Init     main.o
    0x08001978   0x00000002   Code   RO            9    i.MemManage_Handler  stm32l4xx_it_1.o
    0x0800197a   0x00000002   Code   RO           10    i.NMI_Handler       stm32l4xx_it_1.o
    0x0800197c   0x00000020   Code   RO         1241    i.NVIC_SetPriority  stm32l4xx_hal_cortex.o
    0x0800199c   0x00000002   Code   RO           11    i.PendSV_Handler    stm32l4xx_it_1.o
    0x0800199e   0x00000002   PAD
    0x080019a0   0x00000168   Code   RO         5308    i.RCCEx_PLLSAI1_Config  stm32l4xx_hal_rcc_ex.o
    0x08001b08   0x0000013c   Code   RO         5309    i.RCCEx_PLLSAI2_Config  stm32l4xx_hal_rcc_ex.o
    0x08001c44   0x0000007c   Code   RO         5202    i.RCC_SetFlashLatencyFromMSIRange  stm32l4xx_hal_rcc.o
    0x08001cc0   0x00000002   Code   RO           12    i.SVC_Handler       stm32l4xx_it_1.o
    0x08001cc2   0x00000004   Code   RO           13    i.SysTick_Handler   stm32l4xx_it_1.o
    0x08001cc6   0x00000070   Code   RO          329    i.SystemClock_Config  main.o
    0x08001d36   0x00000002   PAD
    0x08001d38   0x00000044   Code   RO          418    i.SystemInit        system_stm32l4xx.o
    0x08001d7c   0x0000000c   Code   RO         8436    i.TIM6_DAC_IRQHandler  stm32l4xx_hal_timebase_tim_template.o
    0x08001d88   0x000000b8   Code   RO         7626    i.TIM_Base_SetConfig  stm32l4xx_hal_tim.o
    0x08001e40   0x00000002   Code   RO           14    i.UsageFault_Handler  stm32l4xx_it_1.o
    0x08001e42   0x0000000e   Code   RO         9970    i.__scatterload_copy  mc_w.l(handlers.o)
    0x08001e50   0x00000002   Code   RO         9971    i.__scatterload_null  mc_w.l(handlers.o)
    0x08001e52   0x0000000e   Code   RO         9972    i.__scatterload_zeroinit  mc_w.l(handlers.o)
    0x08001e60   0x00000080   Code   RO          330    i.aHAL_DFSDM_ChannelMspInit  main.o
    0x08001ee0   0x00000084   Code   RO          331    i.aHAL_DFSDM_FilterMspInit  main.o
    0x08001f64   0x0000000a   Code   RO          332    i.aToggle_LED       main.o
    0x08001f6e   0x00000002   PAD
    0x08001f70   0x0000004c   Code   RO          333    i.main              main.o
    0x08001fbc   0x00000040   Data   RO          419    .constdata          system_stm32l4xx.o
    0x08001ffc   0x00000008   Data   RO          420    .constdata          system_stm32l4xx.o
    0x08002004   0x00000020   Data   RO         9968    Region$$Table       anon$$obj.o


    Execution Region RW_IRAM2 (Base: 0x10000000, Size: 0x00000000, Max: 0x00008000, ABSOLUTE)

    **** No section assigned to this execution region ****


    Execution Region RW_IRAM1 (Base: 0x20000000, Size: 0x00000660, Max: 0x00018000, ABSOLUTE)

    Base Addr    Size         Type   Attr      Idx    E Section Name        Object

    0x20000000   0x0000000c   Data   RW          335    .data               main.o
    0x2000000c   0x00000004   Data   RW          421    .data               system_stm32l4xx.o
    0x20000010   0x00000004   Data   RW          484    .data               stm32l4xx_hal.o
    0x20000014   0x00000004   Data   RW         1803    .data               stm32l4xx_hal_dfsdm.o
    0x20000018   0x000001ec   Zero   RW          334    .bss                main.o
    0x20000204   0x00000020   Zero   RW         1802    .bss                stm32l4xx_hal_dfsdm.o
    0x20000224   0x0000003c   Zero   RW         8437    .bss                stm32l4xx_hal_timebase_tim_template.o
    0x20000260   0x00000400   Zero   RW          407    STACK               startup_stm32l476xx.o


==============================================================================

Image component sizes


      Code (inc. data)   RO Data    RW Data    ZI Data      Debug   Object Name

       766         64          0         12        492       6700   main.o
        36          8        392          0       1024        884   startup_stm32l476xx.o
        88         16          0          4          0       3528   stm32l4xx_hal.o
       154         14          0          0          0      29334   stm32l4xx_hal_cortex.o
      1030         48          0          4         32      11576   stm32l4xx_hal_dfsdm.o
       514         14          0          0          0       3387   stm32l4xx_hal_dma.o
       460         38          0          0          0       2325   stm32l4xx_hal_gpio.o
         2          0          0          0          0        538   stm32l4xx_hal_msp_template.o
        16          6          0          0          0        584   stm32l4xx_hal_pwr_ex.o
      2032         86          0          0          0       6502   stm32l4xx_hal_rcc.o
      1656         48          0          0          0       4963   stm32l4xx_hal_rcc_ex.o
       630         32          0          0          0       7008   stm32l4xx_hal_tim.o
         4          0          0          0          0       1726   stm32l4xx_hal_tim_ex.o
       144         24          0          0         60       2797   stm32l4xx_hal_timebase_tim_template.o
        34          6          0          0          0     834368   stm32l4xx_it_1.o
        68         12         72          4          0       1237   system_stm32l4xx.o

    ----------------------------------------------------------------------
      7646        416        496         24       1608     917457   Object Totals
         0          0         32          0          0          0   (incl. Generated)
        12          0          0          0          0          0   (incl. Padding)

    ----------------------------------------------------------------------

      Code (inc. data)   RO Data    RW Data    ZI Data      Debug   Library Member Name

         0          0          0          0          0          0   entry.o
         0          0          0          0          0          0   entry10a.o
         0          0          0          0          0          0   entry11a.o
         8          4          0          0          0          0   entry2.o
         4          0          0          0          0          0   entry5.o
         0          0          0          0          0          0   entry7b.o
         0          0          0          0          0          0   entry8b.o
         8          4          0          0          0          0   entry9a.o
        30          0          0          0          0          0   handlers.o
        36          8          0          0          0         68   init.o

    ----------------------------------------------------------------------
        86         16          0          0          0         68   Library Totals
         0          0          0          0          0          0   (incl. Padding)

    ----------------------------------------------------------------------

      Code (inc. data)   RO Data    RW Data    ZI Data      Debug   Library Name

        86         16          0          0          0         68   mc_w.l

    ----------------------------------------------------------------------
        86         16          0          0          0         68   Library Totals

    ----------------------------------------------------------------------

==============================================================================


      Code (inc. data)   RO Data    RW Data    ZI Data      Debug   

      7732        432        496         24       1608     910729   Grand Totals
      7732        432        496         24       1608     910729   ELF Image Totals
      7732        432        496         24          0          0   ROM Totals

==============================================================================

    Total RO  Size (Code + RO Data)                 8228 (   8.04kB)
    Total RW  Size (RW Data + ZI Data)              1632 (   1.59kB)
    Total ROM Size (Code + RO Data + RW Data)       8252 (   8.06kB)

==============================================================================

